Microchip MPLAB XC8 Compiler V1.45 ()

Linker command line:

-W-3 --edf=C:\Program Files (x86)\Microchip\xc8\v1.45\dat\en_msgs.txt -cs \
  -h+dist/default/production\kila2.production.sym \
  --cmf=dist/default/production\kila2.production.cmf -z -Q18F4550 \
  -oC:\Users\ADMINI~1\AppData\Local\Temp\sd8k.2 \
  -Mdist/default/production/kila2.production.map -E1 -ver=XC8 \
  -ASTACK=0F1h-07ffh -pstack=STACK -ACODE=00h-07FFFh -ACONST=00h-07FFFh \
  -ASMALLCONST=0800h-08FFhx120 -AMEDIUMCONST=0800h-07FFFh -ACOMRAM=01h-05Fh \
  -AABS1=00h-07FFh -ABIGRAM=01h-07FFh -ARAM=060h-0FFh,0100h-01FFhx7 \
  -ABANK0=060h-0FFh -ABANK1=0100h-01FFh -ABANK2=0200h-02FFh \
  -ABANK3=0300h-03FFh -ABANK4=0400h-04FFh -ABANK5=0500h-05FFh \
  -ABANK6=0600h-06FFh -ABANK7=0700h-07FFh -ASFR=0F60h-0FFFh \
  -preset_vec=00h,intcode=08h,intcodelo,powerup,init -pramtop=0800h \
  -psmallconst=SMALLCONST -pmediumconst=MEDIUMCONST -pconst=CONST \
  -AFARRAM=00h-00h -ACONFIG=0300000h-030000Dh -pconfig=CONFIG \
  -AIDLOC=0200000h-0200007h -pidloc=IDLOC -AEEDATA=0F00000h-0F000FFh \
  -peeprom_data=EEDATA \
  -prdata=COMRAM,nvrram=COMRAM,nvbit=COMRAM,rbss=COMRAM,rbit=COMRAM \
  -pfarbss=FARRAM,fardata=FARRAM,nvFARRAM=FARRAM \
  -pintsave_regs=BIGRAM,bigbss=BIGRAM,bigdata=BIGRAM -pbss=RAM \
  -pidata=CODE,irdata=CODE,ibigdata=CODE,ifardata=CODE -prparam=COMRAM \
  C:\Users\ADMINI~1\AppData\Local\Temp\sd8k.obj \
  dist/default/production\kila2.production.obj 

Object code version is 3.11

Machine type is 18F4550

Call graph: (short form)




                Name                               Link     Load   Length Selector   Space Scale
C:\Users\ADMINI~1\AppData\Local\Temp\sd8k.obj
                init                                  E        E        4        4       0
                reset_vec                             0        0        4        0       0
                idloc                            200000   200000        8   200000       0
                config                           300000   300000        E   300000       0
dist/default/production\kila2.production.obj
                intcode                               8        8        6        4       0
                temp                                 55       55        1        1       1
                smallconst                          800      800       92      400       0
                text31                             281C     281C       AE      449       0
                text30                             2686     2686       E6      449       0
                text29                             24AA     24AA       F4      449       0
                text28                             2D42     2D42       24      449       0
                intcode_body                       21B4     21B4      108      449       0
                text26                             1F5C     1F5C      12E      449       0
                text25                             1BB4     1BB4      140      449       0
                text24                             1E28     1E28      134      449       0
                text23                             2AD8     2AD8       6A      449       0
                text22                             276C     276C       B0      449       0
                text21                             259E     259E       E8      449       0
                text20                             2D1C     2D1C       26      449       0
                text19                             2C08     2C08       5E      449       0
                text18                             28CA     28CA       92      449       0
                text17                             2CF6     2CF6       26      449       0
                text16                             1894     1894      1AE      449       0
                text15                             2C66     2C66       42      449       0
                text14                             22BC     22BC       F8      449       0
                text13                             29E2     29E2       84      449       0
                text12                             2B42     2B42       68      449       0
                text11                             2BAA     2BAA       5E      449       0
                text10                             208A     208A      12A      449       0
                text9                              1CF4     1CF4      134      449       0
                text8                              295C     295C       86      449       0
                text7                              2A66     2A66       72      449       0
                text6                              23B4     23B4       F6      449       0
                text5                              2CA8     2CA8       28      449       0
                text4                              1624     1624      270      449       0
                text3                              2D66     2D66       22      449       0
                text2                              11EC     11EC      438      449       0
                text1                               892      892      95A      449       0
                text0                              1A42     1A42      172      449       0
                cstackCOMRAM                          1        1       3B        1       1
                cstackBANK0                          60       60       7D       60       1
                bssBANK0                             DD       DD       14       60       1
                bssCOMRAM                            3C       3C       19        1       1
                cinit                              2CD0     2CD0       26      449       0

TOTAL           Name                               Link     Load   Length     Space
        CLASS   STACK          

        CLASS   CODE           
                intcode                               8        8        6         0
                init                                  E        E        4         0
                reset_vec                             0        0        4         0
                text31                             281C     281C       AE         0
                text30                             2686     2686       E6         0
                text29                             24AA     24AA       F4         0
                text28                             2D42     2D42       24         0
                intcode_body                       21B4     21B4      108         0
                text26                             1F5C     1F5C      12E         0
                text25                             1BB4     1BB4      140         0
                text24                             1E28     1E28      134         0
                text23                             2AD8     2AD8       6A         0
                text22                             276C     276C       B0         0
                text21                             259E     259E       E8         0
                text20                             2D1C     2D1C       26         0
                text19                             2C08     2C08       5E         0
                text18                             28CA     28CA       92         0
                text17                             2CF6     2CF6       26         0
                text16                             1894     1894      1AE         0
                text15                             2C66     2C66       42         0
                text14                             22BC     22BC       F8         0
                text13                             29E2     29E2       84         0
                text12                             2B42     2B42       68         0
                text11                             2BAA     2BAA       5E         0
                text10                             208A     208A      12A         0
                text9                              1CF4     1CF4      134         0
                text8                              295C     295C       86         0
                text7                              2A66     2A66       72         0
                text6                              23B4     23B4       F6         0
                text5                              2CA8     2CA8       28         0
                text4                              1624     1624      270         0
                text3                              2D66     2D66       22         0
                text2                              11EC     11EC      438         0
                text1                               892      892      95A         0
                text0                              1A42     1A42      172         0
                cinit                              2CD0     2CD0       26         0

        CLASS   CONST          

        CLASS   SMALLCONST     
                smallconst                          800      800       92         0

        CLASS   MEDIUMCONST    

        CLASS   COMRAM         
                temp                                 55       55        1         1
                cstackCOMRAM                          1        1       3B         1
                bssCOMRAM                            3C       3C       19         1

        CLASS   ABS1           

        CLASS   BIGRAM         

        CLASS   RAM            

        CLASS   BANK0          
                cstackBANK0                          60       60       7D         1
                bssBANK0                             DD       DD       14         1

        CLASS   BANK1          

        CLASS   BANK2          

        CLASS   BANK3          

        CLASS   BANK4          

        CLASS   BANK5          

        CLASS   BANK6          

        CLASS   BANK7          

        CLASS   SFR            

        CLASS   FARRAM         

        CLASS   CONFIG         
                config                           300000   300000        E         0

        CLASS   IDLOC          
                idloc                            200000   200000        8         0

        CLASS   EEDATA         



SEGMENTS        Name                           Load    Length   Top    Selector   Space  Class

                reset_vec                      000000  000004  000004         0       0  CODE    
                cstackCOMRAM                   000001  000055  000056         1       1  COMRAM  
                intcode                        000008  00000A  000012         4       0  CODE    
                cstackBANK0                    000060  000091  0000F1        60       1  BANK0   
                smallconst                     000800  000092  000892       400       0  SMALLCON
                text1                          000892  0024F6  002D88       449       0  CODE    
                idloc                          200000  000008  200008    200000       0  IDLOC   
                config                         300000  00000E  30000E    300000       0  CONFIG  


UNUSED ADDRESS RANGES

        Name                Unused          Largest block    Delta
        BANK0            0000F1-0000FF                F
        BANK1            000100-0001FF              100
        BANK2            000200-0002FF              100
        BANK3            000300-0003FF              100
        BANK4            000400-0004FF              100
        BANK5            000500-0005FF              100
        BANK6            000600-0006FF              100
        BANK7            000700-0007FF              100
        BIGRAM           000056-00005F                A
                         0000F1-0007FF              70F
        CODE             000004-000007                4
                         000012-0007FF              7EE
                         002D88-007FFF             5278
        COMRAM           000056-00005F                A
        CONST            000004-000007                4
                         000012-0007FF              7EE
                         002D88-007FFF             5278
        EEDATA           F00000-F000FF              100
        MEDIUMCONST      002D88-007FFF             5278
        RAM              0000F1-0007FF              100
        SFR              000F60-000FFF               A0
        SMALLCONST       002D88-007FFF              100
        STACK            0000F1-0007FF              70F

                                  Symbol Table

?___awdiv                cstackBANK0  000066
?___awmod                cstackBANK0  000060
?___ftadd                cstackBANK0  00008D
?___ftdiv                cstackBANK0  000099
?___ftmul                cstackBANK0  000074
?___ftneg                cstackBANK0  000060
?___ftpack               cstackBANK0  000060
?___ftsub                cstackBANK0  000099
?___fttol                cstackBANK0  00008A
?___lldiv                cstackBANK0  000060
?___llmod                cstackBANK0  000060
?___lltoft               cstackBANK0  000068
?___lwtoft               cstackBANK0  000068
?___wmul                 cstackBANK0  00006E
?__div_to_l_             cstackBANK0  000060
?__tdiv_to_l_            cstackBANK0  000060
?_fround                 cstackBANK0  000083
?_scale                  cstackBANK0  000083
?_sprintf                cstackBANK0  00009F
?i2___ftdiv              cstackCOMRAM 00001B
?i2___ftmul              cstackCOMRAM 00000C
?i2___ftpack             cstackCOMRAM 000001
?i2___lwtoft             cstackCOMRAM 000009
Lcd_Chr_CP@data          cstackBANK0  000062
Lcd_Cmd@data             cstackBANK0  000062
Lcd_Init@data            cstackBANK0  000064
Lcd_Out2@buffer          cstackBANK0  000064
Lcd_Out2@data            cstackBANK0  000067
Lcd_Out2@x               cstackBANK0  000063
Lcd_Out2@y               cstackBANK0  000066
_ADCON0bits              (abs)        000FC2
_ADCON1                  (abs)        000FC1
_ADCON2bits              (abs)        000FC0
_ADRESH                  (abs)        000FC4
_ADRESL                  (abs)        000FC3
_CCP1CONbits             (abs)        000FBD
_CCP1IF                  (abs)        007CF2
_CCPR1                   (abs)        000FBE
_INTCONbits              (abs)        000FF2
_Lcd_Chr_CP              text24       001E28
_Lcd_Cmd                 text26       001F5C
_Lcd_Init                text25       001BB4
_Lcd_Out2                text23       002AD8
_PIE1bits                (abs)        000F9D
_PIR1bits                (abs)        000F9E
_PORTDbits               (abs)        000F83
_T1CONbits               (abs)        000FCD
_TMR1                    (abs)        000FCE
_TRISAbits               (abs)        000F92
_TRISDbits               (abs)        000F95
__CFG_BORV$3             (abs)        000000
__CFG_CCP2MX$ON          (abs)        000000
__CFG_CP0$OFF            (abs)        000000
__CFG_CP1$OFF            (abs)        000000
__CFG_CP2$OFF            (abs)        000000
__CFG_CP3$OFF            (abs)        000000
__CFG_CPB$OFF            (abs)        000000
__CFG_CPD$OFF            (abs)        000000
__CFG_CPUDIV$OSC4_PLL6   (abs)        000000
__CFG_EBTR0$OFF          (abs)        000000
__CFG_EBTR1$OFF          (abs)        000000
__CFG_EBTR2$OFF          (abs)        000000
__CFG_EBTR3$OFF          (abs)        000000
__CFG_EBTRB$OFF          (abs)        000000
__CFG_FCMEN$OFF          (abs)        000000
__CFG_FOSC$HSPLL_HS      (abs)        000000
__CFG_ICPRT$OFF          (abs)        000000
__CFG_IESO$OFF           (abs)        000000
__CFG_LPT1OSC$OFF        (abs)        000000
__CFG_LVP$OFF            (abs)        000000
__CFG_MCLRE$ON           (abs)        000000
__CFG_PBADEN$ON          (abs)        000000
__CFG_PLLDIV$2           (abs)        000000
__CFG_PWRT$OFF           (abs)        000000
__CFG_STVREN$ON          (abs)        000000
__CFG_VREGEN$OFF         (abs)        000000
__CFG_WDT$OFF            (abs)        000000
__CFG_WDTPS$32768        (abs)        000000
__CFG_WRT0$OFF           (abs)        000000
__CFG_WRT1$OFF           (abs)        000000
__CFG_WRT2$OFF           (abs)        000000
__CFG_WRT3$OFF           (abs)        000000
__CFG_WRTB$OFF           (abs)        000000
__CFG_WRTC$OFF           (abs)        000000
__CFG_WRTD$OFF           (abs)        000000
__CFG_XINST$OFF          (abs)        000000
__HRAM                   (abs)        000000
__Habs1                  abs1         000000
__Hbank0                 bank0        000000
__Hbank1                 bank1        000000
__Hbank2                 bank2        000000
__Hbank3                 bank3        000000
__Hbank4                 bank4        000000
__Hbank5                 bank5        000000
__Hbank6                 bank6        000000
__Hbank7                 bank7        000000
__Hbigbss                bigbss       000000
__Hbigdata               bigdata      000000
__Hbigram                bigram       000000
__Hbss                   bss          000000
__HbssBANK0              bssBANK0     000000
__HbssCOMRAM             bssCOMRAM    000000
__Hcinit                 cinit        000000
__Hclrtext               clrtext      000000
__Hcomram                comram       000000
__Hconfig                config       30000E
__Hconst                 const        000000
__HcstackBANK0           cstackBANK0  000000
__HcstackCOMRAM          cstackCOMRAM 000000
__Hdata                  data         000000
__Heeprom_data           eeprom_data  000000
__Hfarbss                farbss       000000
__Hfardata               fardata      000000
__Hibigdata              ibigdata     000000
__Hidata                 idata        000000
__Hidloc                 idloc        200008
__Hifardata              ifardata     000000
__Hinit                  init         000012
__Hintcode               intcode      00000E
__Hintcode_body          intcode_body 000000
__Hintcodelo             intcodelo    00000E
__Hintentry              intentry     000000
__Hintret                intret       000000
__Hintsave_regs          intsave_regs 000000
__Hirdata                irdata       000000
__Hmediumconst           mediumconst  000000
__HnvFARRAM              nvFARRAM     000000
__Hnvbit                 nvbit        000000
__Hnvrram                nvrram       000000
__Hparam                 rparam       000000
__Hpowerup               powerup      00000E
__Hram                   ram          000000
__Hramtop                ramtop       000800
__Hrbit                  rbit         000000
__Hrbss                  rbss         000000
__Hrdata                 rdata        000000
__Hreset_vec             reset_vec    000004
__Hrparam                rparam       000000
__Hsfr                   sfr          000000
__Hsmallconst            smallconst   000892
__Hspace_0               (abs)        30000E
__Hspace_1               (abs)        0000F1
__Hspace_2               (abs)        000000
__Hstack                 stack        000000
__Hstruct                struct       000000
__Htemp                  temp         000056
__Htext                  text         000000
__Htext0                 text0        000000
__Htext1                 text1        000000
__Htext10                text10       000000
__Htext11                text11       000000
__Htext12                text12       000000
__Htext13                text13       000000
__Htext14                text14       000000
__Htext15                text15       000000
__Htext16                text16       000000
__Htext17                text17       000000
__Htext18                text18       000000
__Htext19                text19       000000
__Htext2                 text2        000000
__Htext20                text20       000000
__Htext21                text21       000000
__Htext22                text22       000000
__Htext23                text23       000000
__Htext24                text24       000000
__Htext25                text25       000000
__Htext26                text26       000000
__Htext28                text28       000000
__Htext29                text29       000000
__Htext3                 text3        000000
__Htext30                text30       000000
__Htext31                text31       000000
__Htext4                 text4        000000
__Htext5                 text5        000000
__Htext6                 text6        000000
__Htext7                 text7        000000
__Htext8                 text8        000000
__Htext9                 text9        000000
__LRAM                   (abs)        000001
__Labs1                  abs1         000000
__Lbank0                 bank0        000000
__Lbank1                 bank1        000000
__Lbank2                 bank2        000000
__Lbank3                 bank3        000000
__Lbank4                 bank4        000000
__Lbank5                 bank5        000000
__Lbank6                 bank6        000000
__Lbank7                 bank7        000000
__Lbigbss                bigbss       000000
__Lbigdata               bigdata      000000
__Lbigram                bigram       000000
__Lbss                   bss          000000
__LbssBANK0              bssBANK0     000000
__LbssCOMRAM             bssCOMRAM    000000
__Lcinit                 cinit        000000
__Lclrtext               clrtext      000000
__Lcomram                comram       000000
__Lconfig                config       300000
__Lconst                 const        000000
__LcstackBANK0           cstackBANK0  000000
__LcstackCOMRAM          cstackCOMRAM 000000
__Ldata                  data         000000
__Leeprom_data           eeprom_data  000000
__Lfarbss                farbss       000000
__Lfardata               fardata      000000
__Libigdata              ibigdata     000000
__Lidata                 idata        000000
__Lidloc                 idloc        200000
__Lifardata              ifardata     000000
__Linit                  init         00000E
__Lintcode               intcode      000008
__Lintcode_body          intcode_body 000000
__Lintcodelo             intcodelo    00000E
__Lintentry              intentry     000000
__Lintret                intret       000000
__Lintsave_regs          intsave_regs 000000
__Lirdata                irdata       000000
__Lmediumconst           mediumconst  000000
__LnvFARRAM              nvFARRAM     000000
__Lnvbit                 nvbit        000000
__Lnvrram                nvrram       000000
__Lparam                 rparam       000000
__Lpowerup               powerup      00000E
__Lram                   ram          000000
__Lramtop                ramtop       000800
__Lrbit                  rbit         000000
__Lrbss                  rbss         000000
__Lrdata                 rdata        000000
__Lreset_vec             reset_vec    000000
__Lrparam                rparam       000000
__Lsfr                   sfr          000000
__Lsmallconst            smallconst   000800
__Lspace_0               (abs)        000000
__Lspace_1               (abs)        000000
__Lspace_2               (abs)        000000
__Lstack                 stack        000000
__Lstruct                struct       000000
__Ltemp                  temp         000055
__Ltext                  text         000000
__Ltext0                 text0        000000
__Ltext1                 text1        000000
__Ltext10                text10       000000
__Ltext11                text11       000000
__Ltext12                text12       000000
__Ltext13                text13       000000
__Ltext14                text14       000000
__Ltext15                text15       000000
__Ltext16                text16       000000
__Ltext17                text17       000000
__Ltext18                text18       000000
__Ltext19                text19       000000
__Ltext2                 text2        000000
__Ltext20                text20       000000
__Ltext21                text21       000000
__Ltext22                text22       000000
__Ltext23                text23       000000
__Ltext24                text24       000000
__Ltext25                text25       000000
__Ltext26                text26       000000
__Ltext28                text28       000000
__Ltext29                text29       000000
__Ltext3                 text3        000000
__Ltext30                text30       000000
__Ltext31                text31       000000
__Ltext4                 text4        000000
__Ltext5                 text5        000000
__Ltext6                 text6        000000
__Ltext7                 text7        000000
__Ltext8                 text8        000000
__Ltext9                 text9        000000
__S0                     (abs)        30000E
__S1                     (abs)        0000F1
__S2                     (abs)        000000
___awdiv                 text8        00295C
___awdiv@counter         cstackBANK0  00006A
___awdiv@dividend        cstackBANK0  000066
___awdiv@divisor         cstackBANK0  000068
___awdiv@quotient        cstackBANK0  00006C
___awdiv@sign            cstackBANK0  00006B
___awmod                 text7        002A66
___awmod@counter         cstackBANK0  000064
___awmod@dividend        cstackBANK0  000060
___awmod@divisor         cstackBANK0  000062
___awmod@sign            cstackBANK0  000065
___ftadd                 text16       001894
___ftadd@exp1            cstackBANK0  000098
___ftadd@exp2            cstackBANK0  000097
___ftadd@f1              cstackBANK0  00008D
___ftadd@f2              cstackBANK0  000090
___ftadd@sign            cstackBANK0  000096
___ftdiv                 text21       00259E
___ftdiv@cntr            cstackBANK0  0000A2
___ftdiv@exp             cstackBANK0  0000A6
___ftdiv@f1              cstackBANK0  000099
___ftdiv@f2              cstackBANK0  00009C
___ftdiv@f3              cstackBANK0  0000A3
___ftdiv@sign            cstackBANK0  0000A7
___ftge                  text18       0028CA
___ftge@ff1              cstackBANK0  000060
___ftge@ff2              cstackBANK0  000063
___ftmul                 text6        0023B4
___ftmul@cntr            cstackBANK0  000081
___ftmul@exp             cstackBANK0  00007D
___ftmul@f1              cstackBANK0  000074
___ftmul@f2              cstackBANK0  000077
___ftmul@f3_as_product   cstackBANK0  00007E
___ftmul@sign            cstackBANK0  000082
___ftneg                 text17       002CF6
___ftneg@f1              cstackBANK0  000060
___ftpack                text22       00276C
___ftpack@arg            cstackBANK0  000060
___ftpack@exp            cstackBANK0  000063
___ftpack@sign           cstackBANK0  000064
___ftsub                 text15       002C66
___ftsub@f1              cstackBANK0  000099
___ftsub@f2              cstackBANK0  00009C
___fttol                 text14       0022BC
___fttol@exp1            cstackBANK0  000098
___fttol@f1              cstackBANK0  00008A
___fttol@lval            cstackBANK0  000094
___fttol@sign1           cstackBANK0  000093
___inthi_sp              stack        000000
___intlo_sp              stack        000000
___lldiv                 text13       0029E2
___lldiv@counter         cstackBANK0  00006C
___lldiv@dividend        cstackBANK0  000060
___lldiv@divisor         cstackBANK0  000064
___lldiv@quotient        cstackBANK0  000068
___llmod                 text12       002B42
___llmod@counter         cstackBANK0  000068
___llmod@dividend        cstackBANK0  000060
___llmod@divisor         cstackBANK0  000064
___lltoft                text11       002BAA
___lltoft@c              cstackBANK0  000068
___lltoft@exp            cstackBANK0  000070
___lwtoft                text20       002D1C
___lwtoft@c              cstackBANK0  000068
___param_bank            (abs)        000000
___rparam_used           (abs)        000001
___sp                    stack        000000
___wmul                  text5        002CA8
___wmul@multiplicand     cstackBANK0  000070
___wmul@multiplier       cstackBANK0  00006E
___wmul@product          cstackBANK0  000072
__accesstop              (abs)        000060
__activetblptr           (abs)        000002
__div_to_l_              text10       00208A
__div_to_l_@cntr         cstackBANK0  00006A
__div_to_l_@exp1         cstackBANK0  00006B
__div_to_l_@f1           cstackBANK0  000060
__div_to_l_@f2           cstackBANK0  000063
__div_to_l_@quot         cstackBANK0  000066
__end_of_Lcd_Chr_CP      text24       001F5C
__end_of_Lcd_Cmd         text26       00208A
__end_of_Lcd_Init        text25       001CF4
__end_of_Lcd_Out2        text23       002B42
__end_of___awdiv         text8        0029E2
__end_of___awmod         text7        002AD8
__end_of___ftadd         text16       001A42
__end_of___ftdiv         text21       002686
__end_of___ftge          text18       00295C
__end_of___ftmul         text6        0024AA
__end_of___ftneg         text17       002D1C
__end_of___ftpack        text22       00281C
__end_of___ftsub         text15       002CA8
__end_of___fttol         text14       0023B4
__end_of___lldiv         text13       002A66
__end_of___llmod         text12       002BAA
__end_of___lltoft        text11       002C08
__end_of___lwtoft        text20       002D42
__end_of___wmul          text5        002CD0
__end_of__div_to_l_      text10       0021B4
__end_of__initialization cinit        002CE8
__end_of__npowers_       smallconst   000877
__end_of__powers_        smallconst   000850
__end_of__tdiv_to_l_     text9        001E28
__end_of_comparar        intcode_body 0022BC
__end_of_configstandard  text19       002C66
__end_of_dpowers         smallconst   000829
__end_of_fround          text4        001894
__end_of_isdigit         text3        002D88
__end_of_main            text0        001BB4
__end_of_scale           text2        001624
__end_of_sprintf         text1        0011EC
__end_ofi2___ftdiv       text30       00276C
__end_ofi2___ftmul       text29       00259E
__end_ofi2___ftpack      text31       0028CA
__end_ofi2___lwtoft      text28       002D66
__initialization         cinit        002CD0
__mediumconst            mediumconst  000000
__npowers_               smallconst   000850
__pbssBANK0              bssBANK0     0000DD
__pbssCOMRAM             bssCOMRAM    00003C
__pcinit                 cinit        002CD0
__pcstackBANK0           cstackBANK0  000060
__pcstackCOMRAM          cstackCOMRAM 000001
__pintcode               intcode      000008
__pintcode_body          intcode_body 0021B4
__powers_                smallconst   000829
__psmallconst            smallconst   000800
__ptext0                 text0        001A42
__ptext1                 text1        000892
__ptext10                text10       00208A
__ptext11                text11       002BAA
__ptext12                text12       002B42
__ptext13                text13       0029E2
__ptext14                text14       0022BC
__ptext15                text15       002C66
__ptext16                text16       001894
__ptext17                text17       002CF6
__ptext18                text18       0028CA
__ptext19                text19       002C08
__ptext2                 text2        0011EC
__ptext20                text20       002D1C
__ptext21                text21       00259E
__ptext22                text22       00276C
__ptext23                text23       002AD8
__ptext24                text24       001E28
__ptext25                text25       001BB4
__ptext26                text26       001F5C
__ptext28                text28       002D42
__ptext29                text29       0024AA
__ptext3                 text3        002D66
__ptext30                text30       002686
__ptext31                text31       00281C
__ptext4                 text4        001624
__ptext5                 text5        002CA8
__ptext6                 text6        0023B4
__ptext7                 text7        002A66
__ptext8                 text8        00295C
__ptext9                 text9        001CF4
__ramtop                 ramtop       000800
__size_of_Lcd_Chr_CP     (abs)        000000
__size_of_Lcd_Cmd        (abs)        000000
__size_of_Lcd_Init       (abs)        000000
__size_of_Lcd_Out2       (abs)        000000
__size_of___awdiv        (abs)        000000
__size_of___awmod        (abs)        000000
__size_of___ftadd        (abs)        000000
__size_of___ftdiv        (abs)        000000
__size_of___ftge         (abs)        000000
__size_of___ftmul        (abs)        000000
__size_of___ftneg        (abs)        000000
__size_of___ftpack       (abs)        000000
__size_of___ftsub        (abs)        000000
__size_of___fttol        (abs)        000000
__size_of___lldiv        (abs)        000000
__size_of___llmod        (abs)        000000
__size_of___lltoft       (abs)        000000
__size_of___lwtoft       (abs)        000000
__size_of___wmul         (abs)        000000
__size_of__div_to_l_     (abs)        000000
__size_of__tdiv_to_l_    (abs)        000000
__size_of_comparar       (abs)        000000
__size_of_configstandard (abs)        000000
__size_of_fround         (abs)        000000
__size_of_isdigit        (abs)        000000
__size_of_main           (abs)        000000
__size_of_scale          (abs)        000000
__size_of_sprintf        (abs)        000000
__size_ofi2___ftdiv      (abs)        000000
__size_ofi2___ftmul      (abs)        000000
__size_ofi2___ftpack     (abs)        000000
__size_ofi2___lwtoft     (abs)        000000
__smallconst             smallconst   000800
__tdiv_to_l_             text9        001CF4
__tdiv_to_l_@cntr        cstackBANK0  00006D
__tdiv_to_l_@exp1        cstackBANK0  00006E
__tdiv_to_l_@f1          cstackBANK0  000060
__tdiv_to_l_@f2          cstackBANK0  000063
__tdiv_to_l_@quot        cstackBANK0  000069
_adc1                    bssCOMRAM    000053
_buffer1                 bssCOMRAM    00003C
_buffer2                 bssBANK0     0000DD
_comparar                intcode      000008
_configstandard          text19       002C08
_dpowers                 smallconst   000801
_fround                  text4        001624
_fround$1332             cstackBANK0  000089
_fround$1333             cstackBANK0  000086
_isdigit                 text3        002D66
_isdigit$993             cstackBANK0  000061
_main                    text0        001A42
_scale                   text2        0011EC
_scale$1334              cstackBANK0  000086
_sprintf                 text1        000892
_sprintf$1335            cstackBANK0  0000AC
_voltaje                 bssCOMRAM    000050
btemp                    temp         000055
end_of_initialization    cinit        002CE8
fround@prec              cstackBANK0  00008C
i2___ftdiv               text30       002686
i2___ftdiv@cntr          cstackCOMRAM 000024
i2___ftdiv@exp           cstackCOMRAM 000028
i2___ftdiv@f1            cstackCOMRAM 00001B
i2___ftdiv@f2            cstackCOMRAM 00001E
i2___ftdiv@f3            cstackCOMRAM 000025
i2___ftdiv@sign          cstackCOMRAM 000029
i2___ftmul               text29       0024AA
i2___ftmul@cntr          cstackCOMRAM 000019
i2___ftmul@exp           cstackCOMRAM 000015
i2___ftmul@f1            cstackCOMRAM 00000C
i2___ftmul@f2            cstackCOMRAM 00000F
i2___ftmul@f3_as_product cstackCOMRAM 000016
i2___ftmul@sign          cstackCOMRAM 00001A
i2___ftpack              text31       00281C
i2___ftpack@arg          cstackCOMRAM 000001
i2___ftpack@exp          cstackCOMRAM 000004
i2___ftpack@sign         cstackCOMRAM 000005
i2___lwtoft              text28       002D42
i2___lwtoft@c            cstackCOMRAM 000009
int$flags                temp         000055
int_func                 intcode_body 0021B4
intlevel0                text         000000
intlevel1                text         000000
intlevel2                text         000000
intlevel3                text         000000
isdigit@c                cstackBANK0  000062
main@Amps                cstackBANK0  0000D7
main@Voltage             cstackBANK0  0000DA
main@buffer1             cstackBANK0  0000C7
scale@scl                cstackBANK0  000089
sprintf@ap               cstackBANK0  0000AF
sprintf@c                cstackBANK0  0000C4
sprintf@exp              cstackBANK0  0000B9
sprintf@f                cstackBANK0  0000A1
sprintf@flag             cstackBANK0  0000BB
sprintf@fval             cstackBANK0  0000BF
sprintf@prec             cstackBANK0  0000C2
sprintf@sp               cstackBANK0  00009F
sprintf@tmpval           cstackBANK0  0000B5
sprintf@val              cstackBANK0  0000B1
sprintf@width            cstackBANK0  0000BD
stackhi                  (abs)        0007FF
stacklo                  (abs)        0000F1
start                    init         00000E
start_initialization     cinit        002CD0
wtemp6                   temp         000056


FUNCTION INFORMATION:

 *************** function _main *****************
 Defined at:
		line 116 in file "main_014_Practice_CCP Comparacion_ADC.c"
 Parameters:    Size  Location     Type
		None
 Auto vars:     Size  Location     Type
  Voltage         3  122[BANK0 ] float 
  Amps            3  119[BANK0 ] float 
  buffer1        16  103[BANK0 ] unsigned char [16]
 Return value:  Size  Location     Type
                  1    wreg      void 
 Registers used:
		wreg, fsr2l, fsr2h, status,2, status,0, tblptrl, tblptrh, tblptru, prodl, prodh, cstack
 Tracked objects:
		On entry : 
		On exit  : 
		Unchanged: 
 Data sizes:     COMRAM   BANK0   BANK1   BANK2   BANK3   BANK4   BANK5   BANK6   BANK7
      Params:         0       0       0       0       0       0       0       0       0
      Locals:         0      22       0       0       0       0       0       0       0
      Temps:          0       2       0       0       0       0       0       0       0
      Totals:         0      24       0       0       0       0       0       0       0
Total ram usage:       24 bytes
 Hardware stack levels required when called:    7
 This function calls:
		_Lcd_Cmd
		_Lcd_Init
		_Lcd_Out2
		___ftadd
		___ftdiv
		___ftmul
		___lwtoft
		_configstandard
		_sprintf
 This function is called by:
		Startup code after reset
 This function uses a non-reentrant model


 *************** function _sprintf *****************
 Defined at:
		line 492 in file "C:\Program Files (x86)\Microchip\xc8\v1.45\sources\common\doprnt.c"
 Parameters:    Size  Location     Type
  sp              2   63[BANK0 ] PTR unsigned char 
		 -> buffer2(20), main@buffer1(16), 
  f               2   65[BANK0 ] PTR const unsigned char 
		 -> STR_2(11), STR_1(14), 
 Auto vars:     Size  Location     Type
  tmpval          4   85[BANK0 ] struct .
  val             4   81[BANK0 ] unsigned long 
  fval            3   95[BANK0 ] unsigned long 
  cp              3    0        PTR const unsigned char 
  prec            2   98[BANK0 ] int 
  width           2   93[BANK0 ] int 
  flag            2   91[BANK0 ] unsigned short 
  exp             2   89[BANK0 ] int 
  ap              2   79[BANK0 ] PTR void [1]
		 -> ?_sprintf(2), 
  len             2    0        unsigned int 
  c               1  100[BANK0 ] char 
  d               1    0        unsigned char 
 Return value:  Size  Location     Type
                  2   63[BANK0 ] int 
 Registers used:
		wreg, fsr2l, fsr2h, status,2, status,0, tblptrl, tblptrh, tblptru, prodl, prodh, cstack
 Tracked objects:
		On entry : 
		On exit  : 
		Unchanged: 
 Data sizes:     COMRAM   BANK0   BANK1   BANK2   BANK3   BANK4   BANK5   BANK6   BANK7
      Params:         0       7       0       0       0       0       0       0       0
      Locals:         0      25       0       0       0       0       0       0       0
      Temps:          0       6       0       0       0       0       0       0       0
      Totals:         0      38       0       0       0       0       0       0       0
Total ram usage:       38 bytes
 Hardware stack levels used:    1
 Hardware stack levels required when called:    6
 This function calls:
		___awdiv
		___ftadd
		___ftge
		___ftmul
		___ftneg
		___ftsub
		___fttol
		___lldiv
		___llmod
		___lltoft
		___wmul
		__div_to_l_
		__tdiv_to_l_
		_fround
		_isdigit
		_scale
 This function is called by:
		_main
 This function uses a non-reentrant model


 *************** function _scale *****************
 Defined at:
		line 425 in file "C:\Program Files (x86)\Microchip\xc8\v1.45\sources\common\doprnt.c"
 Parameters:    Size  Location     Type
  scl             1    wreg     char 
 Auto vars:     Size  Location     Type
  scl             1   41[BANK0 ] char 
 Return value:  Size  Location     Type
                  3   35[BANK0 ] char 
 Registers used:
		wreg, status,2, status,0, tblptrl, tblptrh, tblptru, prodl, prodh, cstack
 Tracked objects:
		On entry : 
		On exit  : 
		Unchanged: 
 Data sizes:     COMRAM   BANK0   BANK1   BANK2   BANK3   BANK4   BANK5   BANK6   BANK7
      Params:         0       3       0       0       0       0       0       0       0
      Locals:         0       4       0       0       0       0       0       0       0
      Temps:          0       0       0       0       0       0       0       0       0
      Totals:         0       7       0       0       0       0       0       0       0
Total ram usage:        7 bytes
 Hardware stack levels used:    1
 Hardware stack levels required when called:    5
 This function calls:
		___awdiv
		___awmod
		___ftmul
		___wmul
 This function is called by:
		_sprintf
 This function uses a non-reentrant model


 *************** function _isdigit *****************
 Defined at:
		line 8 in file "C:\Program Files (x86)\Microchip\xc8\v1.45\sources\common\isdigit.c"
 Parameters:    Size  Location     Type
  c               1    wreg     unsigned char 
 Auto vars:     Size  Location     Type
  c               1    2[BANK0 ] unsigned char 
 Return value:  Size  Location     Type
		None               void
 Registers used:
		wreg, status,2, status,0
 Tracked objects:
		On entry : 
		On exit  : 
		Unchanged: 
 Data sizes:     COMRAM   BANK0   BANK1   BANK2   BANK3   BANK4   BANK5   BANK6   BANK7
      Params:         0       0       0       0       0       0       0       0       0
      Locals:         0       2       0       0       0       0       0       0       0
      Temps:          0       1       0       0       0       0       0       0       0
      Totals:         0       3       0       0       0       0       0       0       0
Total ram usage:        3 bytes
 Hardware stack levels used:    1
 Hardware stack levels required when called:    3
 This function calls:
		Nothing
 This function is called by:
		_sprintf
 This function uses a non-reentrant model


 *************** function _fround *****************
 Defined at:
		line 409 in file "C:\Program Files (x86)\Microchip\xc8\v1.45\sources\common\doprnt.c"
 Parameters:    Size  Location     Type
  prec            1    wreg     unsigned char 
 Auto vars:     Size  Location     Type
  prec            1   44[BANK0 ] unsigned char 
 Return value:  Size  Location     Type
                  3   35[BANK0 ] unsigned char 
 Registers used:
		wreg, status,2, status,0, tblptrl, tblptrh, tblptru, prodl, prodh, cstack
 Tracked objects:
		On entry : 
		On exit  : 
		Unchanged: 
 Data sizes:     COMRAM   BANK0   BANK1   BANK2   BANK3   BANK4   BANK5   BANK6   BANK7
      Params:         0       3       0       0       0       0       0       0       0
      Locals:         0       7       0       0       0       0       0       0       0
      Temps:          0       0       0       0       0       0       0       0       0
      Totals:         0      10       0       0       0       0       0       0       0
Total ram usage:       10 bytes
 Hardware stack levels used:    1
 Hardware stack levels required when called:    5
 This function calls:
		___awdiv
		___awmod
		___ftmul
		___wmul
 This function is called by:
		_sprintf
 This function uses a non-reentrant model


 *************** function ___wmul *****************
 Defined at:
		line 15 in file "C:\Program Files (x86)\Microchip\xc8\v1.45\sources\common\Umul16.c"
 Parameters:    Size  Location     Type
  multiplier      2   14[BANK0 ] unsigned int 
  multiplicand    2   16[BANK0 ] unsigned int 
 Auto vars:     Size  Location     Type
  product         2   18[BANK0 ] unsigned int 
 Return value:  Size  Location     Type
                  2   14[BANK0 ] unsigned int 
 Registers used:
		wreg, status,2, status,0, prodl, prodh
 Tracked objects:
		On entry : 
		On exit  : 
		Unchanged: 
 Data sizes:     COMRAM   BANK0   BANK1   BANK2   BANK3   BANK4   BANK5   BANK6   BANK7
      Params:         0       4       0       0       0       0       0       0       0
      Locals:         0       2       0       0       0       0       0       0       0
      Temps:          0       0       0       0       0       0       0       0       0
      Totals:         0       6       0       0       0       0       0       0       0
Total ram usage:        6 bytes
 Hardware stack levels used:    1
 Hardware stack levels required when called:    3
 This function calls:
		Nothing
 This function is called by:
		_fround
		_scale
		_sprintf
 This function uses a non-reentrant model


 *************** function ___ftmul *****************
 Defined at:
		line 62 in file "C:\Program Files (x86)\Microchip\xc8\v1.45\sources\common\ftmul.c"
 Parameters:    Size  Location     Type
  f1              3   20[BANK0 ] float 
  f2              3   23[BANK0 ] float 
 Auto vars:     Size  Location     Type
  f3_as_produc    3   30[BANK0 ] unsigned um
  sign            1   34[BANK0 ] unsigned char 
  cntr            1   33[BANK0 ] unsigned char 
  exp             1   29[BANK0 ] unsigned char 
 Return value:  Size  Location     Type
                  3   20[BANK0 ] float 
 Registers used:
		wreg, status,2, status,0, cstack
 Tracked objects:
		On entry : 
		On exit  : 
		Unchanged: 
 Data sizes:     COMRAM   BANK0   BANK1   BANK2   BANK3   BANK4   BANK5   BANK6   BANK7
      Params:         0       6       0       0       0       0       0       0       0
      Locals:         0       6       0       0       0       0       0       0       0
      Temps:          0       3       0       0       0       0       0       0       0
      Totals:         0      15       0       0       0       0       0       0       0
Total ram usage:       15 bytes
 Hardware stack levels used:    1
 Hardware stack levels required when called:    4
 This function calls:
		___ftpack
 This function is called by:
		_main
		_fround
		_scale
		_sprintf
 This function uses a non-reentrant model


 *************** function ___awmod *****************
 Defined at:
		line 8 in file "C:\Program Files (x86)\Microchip\xc8\v1.45\sources\common\awmod.c"
 Parameters:    Size  Location     Type
  dividend        2    0[BANK0 ] int 
  divisor         2    2[BANK0 ] int 
 Auto vars:     Size  Location     Type
  sign            1    5[BANK0 ] unsigned char 
  counter         1    4[BANK0 ] unsigned char 
 Return value:  Size  Location     Type
                  2    0[BANK0 ] int 
 Registers used:
		wreg, status,2, status,0
 Tracked objects:
		On entry : 
		On exit  : 
		Unchanged: 
 Data sizes:     COMRAM   BANK0   BANK1   BANK2   BANK3   BANK4   BANK5   BANK6   BANK7
      Params:         0       4       0       0       0       0       0       0       0
      Locals:         0       2       0       0       0       0       0       0       0
      Temps:          0       0       0       0       0       0       0       0       0
      Totals:         0       6       0       0       0       0       0       0       0
Total ram usage:        6 bytes
 Hardware stack levels used:    1
 Hardware stack levels required when called:    3
 This function calls:
		Nothing
 This function is called by:
		_fround
		_scale
 This function uses a non-reentrant model


 *************** function ___awdiv *****************
 Defined at:
		line 8 in file "C:\Program Files (x86)\Microchip\xc8\v1.45\sources\common\awdiv.c"
 Parameters:    Size  Location     Type
  dividend        2    6[BANK0 ] int 
  divisor         2    8[BANK0 ] int 
 Auto vars:     Size  Location     Type
  quotient        2   12[BANK0 ] int 
  sign            1   11[BANK0 ] unsigned char 
  counter         1   10[BANK0 ] unsigned char 
 Return value:  Size  Location     Type
                  2    6[BANK0 ] int 
 Registers used:
		wreg, status,2, status,0
 Tracked objects:
		On entry : 
		On exit  : 
		Unchanged: 
 Data sizes:     COMRAM   BANK0   BANK1   BANK2   BANK3   BANK4   BANK5   BANK6   BANK7
      Params:         0       4       0       0       0       0       0       0       0
      Locals:         0       4       0       0       0       0       0       0       0
      Temps:          0       0       0       0       0       0       0       0       0
      Totals:         0       8       0       0       0       0       0       0       0
Total ram usage:        8 bytes
 Hardware stack levels used:    1
 Hardware stack levels required when called:    3
 This function calls:
		Nothing
 This function is called by:
		_fround
		_scale
		_sprintf
 This function uses a non-reentrant model


 *************** function __tdiv_to_l_ *****************
 Defined at:
		line 60 in file "C:\Program Files (x86)\Microchip\xc8\v1.45\sources\common\ftdivl.c"
 Parameters:    Size  Location     Type
  f1              3    0[BANK0 ] float 
  f2              3    3[BANK0 ] float 
 Auto vars:     Size  Location     Type
  quot            4    9[BANK0 ] unsigned long 
  exp1            1   14[BANK0 ] unsigned char 
  cntr            1   13[BANK0 ] unsigned char 
 Return value:  Size  Location     Type
                  4    0[BANK0 ] unsigned long 
 Registers used:
		wreg, status,2, status,0
 Tracked objects:
		On entry : 
		On exit  : 
		Unchanged: 
 Data sizes:     COMRAM   BANK0   BANK1   BANK2   BANK3   BANK4   BANK5   BANK6   BANK7
      Params:         0       6       0       0       0       0       0       0       0
      Locals:         0       6       0       0       0       0       0       0       0
      Temps:          0       3       0       0       0       0       0       0       0
      Totals:         0      15       0       0       0       0       0       0       0
Total ram usage:       15 bytes
 Hardware stack levels used:    1
 Hardware stack levels required when called:    3
 This function calls:
		Nothing
 This function is called by:
		_sprintf
 This function uses a non-reentrant model


 *************** function __div_to_l_ *****************
 Defined at:
		line 60 in file "C:\Program Files (x86)\Microchip\xc8\v1.45\sources\common\fldivl.c"
 Parameters:    Size  Location     Type
  f1              3    0[BANK0 ] unsigned long 
  f2              3    3[BANK0 ] unsigned long 
 Auto vars:     Size  Location     Type
  quot            4    6[BANK0 ] unsigned long 
  exp1            1   11[BANK0 ] unsigned char 
  cntr            1   10[BANK0 ] unsigned char 
 Return value:  Size  Location     Type
                  4    0[BANK0 ] unsigned long 
 Registers used:
		wreg, status,2, status,0
 Tracked objects:
		On entry : 
		On exit  : 
		Unchanged: 
 Data sizes:     COMRAM   BANK0   BANK1   BANK2   BANK3   BANK4   BANK5   BANK6   BANK7
      Params:         0       6       0       0       0       0       0       0       0
      Locals:         0       6       0       0       0       0       0       0       0
      Temps:          0       0       0       0       0       0       0       0       0
      Totals:         0      12       0       0       0       0       0       0       0
Total ram usage:       12 bytes
 Hardware stack levels used:    1
 Hardware stack levels required when called:    3
 This function calls:
		Nothing
 This function is called by:
		_sprintf
 This function uses a non-reentrant model


 *************** function ___lltoft *****************
 Defined at:
		line 35 in file "C:\Program Files (x86)\Microchip\xc8\v1.45\sources\common\lltoft.c"
 Parameters:    Size  Location     Type
  c               4    8[BANK0 ] unsigned long 
 Auto vars:     Size  Location     Type
  exp             1   16[BANK0 ] unsigned char 
 Return value:  Size  Location     Type
                  3    8[BANK0 ] float 
 Registers used:
		wreg, status,2, status,0, cstack
 Tracked objects:
		On entry : 
		On exit  : 
		Unchanged: 
 Data sizes:     COMRAM   BANK0   BANK1   BANK2   BANK3   BANK4   BANK5   BANK6   BANK7
      Params:         0       4       0       0       0       0       0       0       0
      Locals:         0       1       0       0       0       0       0       0       0
      Temps:          0       4       0       0       0       0       0       0       0
      Totals:         0       9       0       0       0       0       0       0       0
Total ram usage:        9 bytes
 Hardware stack levels used:    1
 Hardware stack levels required when called:    4
 This function calls:
		___ftpack
 This function is called by:
		_sprintf
 This function uses a non-reentrant model


 *************** function ___llmod *****************
 Defined at:
		line 8 in file "C:\Program Files (x86)\Microchip\xc8\v1.45\sources\common\llmod.c"
 Parameters:    Size  Location     Type
  dividend        4    0[BANK0 ] unsigned long 
  divisor         4    4[BANK0 ] unsigned long 
 Auto vars:     Size  Location     Type
  counter         1    8[BANK0 ] unsigned char 
 Return value:  Size  Location     Type
                  4    0[BANK0 ] unsigned long 
 Registers used:
		wreg, status,2, status,0
 Tracked objects:
		On entry : 
		On exit  : 
		Unchanged: 
 Data sizes:     COMRAM   BANK0   BANK1   BANK2   BANK3   BANK4   BANK5   BANK6   BANK7
      Params:         0       8       0       0       0       0       0       0       0
      Locals:         0       1       0       0       0       0       0       0       0
      Temps:          0       0       0       0       0       0       0       0       0
      Totals:         0       9       0       0       0       0       0       0       0
Total ram usage:        9 bytes
 Hardware stack levels used:    1
 Hardware stack levels required when called:    3
 This function calls:
		Nothing
 This function is called by:
		_sprintf
 This function uses a non-reentrant model


 *************** function ___lldiv *****************
 Defined at:
		line 8 in file "C:\Program Files (x86)\Microchip\xc8\v1.45\sources\common\lldiv.c"
 Parameters:    Size  Location     Type
  dividend        4    0[BANK0 ] unsigned long 
  divisor         4    4[BANK0 ] unsigned long 
 Auto vars:     Size  Location     Type
  quotient        4    8[BANK0 ] unsigned long 
  counter         1   12[BANK0 ] unsigned char 
 Return value:  Size  Location     Type
                  4    0[BANK0 ] unsigned long 
 Registers used:
		wreg, status,2, status,0
 Tracked objects:
		On entry : 
		On exit  : 
		Unchanged: 
 Data sizes:     COMRAM   BANK0   BANK1   BANK2   BANK3   BANK4   BANK5   BANK6   BANK7
      Params:         0       8       0       0       0       0       0       0       0
      Locals:         0       5       0       0       0       0       0       0       0
      Temps:          0       0       0       0       0       0       0       0       0
      Totals:         0      13       0       0       0       0       0       0       0
Total ram usage:       13 bytes
 Hardware stack levels used:    1
 Hardware stack levels required when called:    3
 This function calls:
		Nothing
 This function is called by:
		_sprintf
 This function uses a non-reentrant model


 *************** function ___fttol *****************
 Defined at:
		line 44 in file "C:\Program Files (x86)\Microchip\xc8\v1.45\sources\common\fttol.c"
 Parameters:    Size  Location     Type
  f1              3   42[BANK0 ] float 
 Auto vars:     Size  Location     Type
  lval            4   52[BANK0 ] unsigned long 
  exp1            1   56[BANK0 ] unsigned char 
  sign1           1   51[BANK0 ] unsigned char 
 Return value:  Size  Location     Type
                  4   42[BANK0 ] long 
 Registers used:
		wreg, status,2, status,0
 Tracked objects:
		On entry : 
		On exit  : 
		Unchanged: 
 Data sizes:     COMRAM   BANK0   BANK1   BANK2   BANK3   BANK4   BANK5   BANK6   BANK7
      Params:         0       4       0       0       0       0       0       0       0
      Locals:         0       6       0       0       0       0       0       0       0
      Temps:          0       5       0       0       0       0       0       0       0
      Totals:         0      15       0       0       0       0       0       0       0
Total ram usage:       15 bytes
 Hardware stack levels used:    1
 Hardware stack levels required when called:    3
 This function calls:
		Nothing
 This function is called by:
		_sprintf
 This function uses a non-reentrant model


 *************** function ___ftsub *****************
 Defined at:
		line 20 in file "C:\Program Files (x86)\Microchip\xc8\v1.45\sources\common\ftsub.c"
 Parameters:    Size  Location     Type
  f1              3   57[BANK0 ] float 
  f2              3   60[BANK0 ] float 
 Auto vars:     Size  Location     Type
		None
 Return value:  Size  Location     Type
                  3   57[BANK0 ] float 
 Registers used:
		wreg, status,2, status,0, cstack
 Tracked objects:
		On entry : 
		On exit  : 
		Unchanged: 
 Data sizes:     COMRAM   BANK0   BANK1   BANK2   BANK3   BANK4   BANK5   BANK6   BANK7
      Params:         0       6       0       0       0       0       0       0       0
      Locals:         0       0       0       0       0       0       0       0       0
      Temps:          0       0       0       0       0       0       0       0       0
      Totals:         0       6       0       0       0       0       0       0       0
Total ram usage:        6 bytes
 Hardware stack levels used:    1
 Hardware stack levels required when called:    5
 This function calls:
		___ftadd
 This function is called by:
		_sprintf
 This function uses a non-reentrant model


 *************** function ___ftadd *****************
 Defined at:
		line 86 in file "C:\Program Files (x86)\Microchip\xc8\v1.45\sources\common\ftadd.c"
 Parameters:    Size  Location     Type
  f1              3   45[BANK0 ] float 
  f2              3   48[BANK0 ] float 
 Auto vars:     Size  Location     Type
  exp1            1   56[BANK0 ] unsigned char 
  exp2            1   55[BANK0 ] unsigned char 
  sign            1   54[BANK0 ] unsigned char 
 Return value:  Size  Location     Type
                  3   45[BANK0 ] float 
 Registers used:
		wreg, status,2, status,0, cstack
 Tracked objects:
		On entry : 
		On exit  : 
		Unchanged: 
 Data sizes:     COMRAM   BANK0   BANK1   BANK2   BANK3   BANK4   BANK5   BANK6   BANK7
      Params:         0       6       0       0       0       0       0       0       0
      Locals:         0       3       0       0       0       0       0       0       0
      Temps:          0       3       0       0       0       0       0       0       0
      Totals:         0      12       0       0       0       0       0       0       0
Total ram usage:       12 bytes
 Hardware stack levels used:    1
 Hardware stack levels required when called:    4
 This function calls:
		___ftpack
 This function is called by:
		_main
		_sprintf
		___ftsub
 This function uses a non-reentrant model


 *************** function ___ftneg *****************
 Defined at:
		line 15 in file "C:\Program Files (x86)\Microchip\xc8\v1.45\sources\common\ftneg.c"
 Parameters:    Size  Location     Type
  f1              3    0[BANK0 ] float 
 Auto vars:     Size  Location     Type
		None
 Return value:  Size  Location     Type
                  3    0[BANK0 ] float 
 Registers used:
		wreg, status,2, status,0
 Tracked objects:
		On entry : 
		On exit  : 
		Unchanged: 
 Data sizes:     COMRAM   BANK0   BANK1   BANK2   BANK3   BANK4   BANK5   BANK6   BANK7
      Params:         0       3       0       0       0       0       0       0       0
      Locals:         0       0       0       0       0       0       0       0       0
      Temps:          0       0       0       0       0       0       0       0       0
      Totals:         0       3       0       0       0       0       0       0       0
Total ram usage:        3 bytes
 Hardware stack levels used:    1
 Hardware stack levels required when called:    3
 This function calls:
		Nothing
 This function is called by:
		_sprintf
 This function uses a non-reentrant model


 *************** function ___ftge *****************
 Defined at:
		line 4 in file "C:\Program Files (x86)\Microchip\xc8\v1.45\sources\common\ftge.c"
 Parameters:    Size  Location     Type
  ff1             3    0[BANK0 ] float 
  ff2             3    3[BANK0 ] float 
 Auto vars:     Size  Location     Type
		None
 Return value:  Size  Location     Type
		None               void
 Registers used:
		wreg, status,2, status,0
 Tracked objects:
		On entry : 
		On exit  : 
		Unchanged: 
 Data sizes:     COMRAM   BANK0   BANK1   BANK2   BANK3   BANK4   BANK5   BANK6   BANK7
      Params:         0       6       0       0       0       0       0       0       0
      Locals:         0       0       0       0       0       0       0       0       0
      Temps:          0       3       0       0       0       0       0       0       0
      Totals:         0       9       0       0       0       0       0       0       0
Total ram usage:        9 bytes
 Hardware stack levels used:    1
 Hardware stack levels required when called:    3
 This function calls:
		Nothing
 This function is called by:
		_sprintf
 This function uses a non-reentrant model


 *************** function _configstandard *****************
 Defined at:
		line 10 in file "configstandard.c"
 Parameters:    Size  Location     Type
		None
 Auto vars:     Size  Location     Type
		None
 Return value:  Size  Location     Type
                  1    wreg      void 
 Registers used:
		wreg, status,2
 Tracked objects:
		On entry : 
		On exit  : 
		Unchanged: 
 Data sizes:     COMRAM   BANK0   BANK1   BANK2   BANK3   BANK4   BANK5   BANK6   BANK7
      Params:         0       0       0       0       0       0       0       0       0
      Locals:         0       0       0       0       0       0       0       0       0
      Temps:          0       0       0       0       0       0       0       0       0
      Totals:         0       0       0       0       0       0       0       0       0
Total ram usage:        0 bytes
 Hardware stack levels used:    1
 Hardware stack levels required when called:    3
 This function calls:
		Nothing
 This function is called by:
		_main
 This function uses a non-reentrant model


 *************** function ___lwtoft *****************
 Defined at:
		line 28 in file "C:\Program Files (x86)\Microchip\xc8\v1.45\sources\common\lwtoft.c"
 Parameters:    Size  Location     Type
  c               2    8[BANK0 ] unsigned int 
 Auto vars:     Size  Location     Type
		None
 Return value:  Size  Location     Type
                  3    8[BANK0 ] float 
 Registers used:
		wreg, status,2, status,0, cstack
 Tracked objects:
		On entry : 
		On exit  : 
		Unchanged: 
 Data sizes:     COMRAM   BANK0   BANK1   BANK2   BANK3   BANK4   BANK5   BANK6   BANK7
      Params:         0       3       0       0       0       0       0       0       0
      Locals:         0       0       0       0       0       0       0       0       0
      Temps:          0       0       0       0       0       0       0       0       0
      Totals:         0       3       0       0       0       0       0       0       0
Total ram usage:        3 bytes
 Hardware stack levels used:    1
 Hardware stack levels required when called:    4
 This function calls:
		___ftpack
 This function is called by:
		_main
 This function uses a non-reentrant model


 *************** function ___ftdiv *****************
 Defined at:
		line 54 in file "C:\Program Files (x86)\Microchip\xc8\v1.45\sources\common\ftdiv.c"
 Parameters:    Size  Location     Type
  f1              3   57[BANK0 ] float 
  f2              3   60[BANK0 ] float 
 Auto vars:     Size  Location     Type
  f3              3   67[BANK0 ] float 
  sign            1   71[BANK0 ] unsigned char 
  exp             1   70[BANK0 ] unsigned char 
  cntr            1   66[BANK0 ] unsigned char 
 Return value:  Size  Location     Type
                  3   57[BANK0 ] float 
 Registers used:
		wreg, status,2, status,0, cstack
 Tracked objects:
		On entry : 
		On exit  : 
		Unchanged: 
 Data sizes:     COMRAM   BANK0   BANK1   BANK2   BANK3   BANK4   BANK5   BANK6   BANK7
      Params:         0       6       0       0       0       0       0       0       0
      Locals:         0       6       0       0       0       0       0       0       0
      Temps:          0       3       0       0       0       0       0       0       0
      Totals:         0      15       0       0       0       0       0       0       0
Total ram usage:       15 bytes
 Hardware stack levels used:    1
 Hardware stack levels required when called:    4
 This function calls:
		___ftpack
 This function is called by:
		_main
 This function uses a non-reentrant model


 *************** function ___ftpack *****************
 Defined at:
		line 62 in file "C:\Program Files (x86)\Microchip\xc8\v1.45\sources\common\float.c"
 Parameters:    Size  Location     Type
  arg             3    0[BANK0 ] unsigned um
  exp             1    3[BANK0 ] unsigned char 
  sign            1    4[BANK0 ] unsigned char 
 Auto vars:     Size  Location     Type
		None
 Return value:  Size  Location     Type
                  3    0[BANK0 ] float 
 Registers used:
		wreg, status,2, status,0
 Tracked objects:
		On entry : 
		On exit  : 
		Unchanged: 
 Data sizes:     COMRAM   BANK0   BANK1   BANK2   BANK3   BANK4   BANK5   BANK6   BANK7
      Params:         0       5       0       0       0       0       0       0       0
      Locals:         0       0       0       0       0       0       0       0       0
      Temps:          0       3       0       0       0       0       0       0       0
      Totals:         0       8       0       0       0       0       0       0       0
Total ram usage:        8 bytes
 Hardware stack levels used:    1
 Hardware stack levels required when called:    3
 This function calls:
		Nothing
 This function is called by:
		___ftadd
		___ftdiv
		___ftmul
		___lltoft
		___lwtoft
 This function uses a non-reentrant model


 *************** function _Lcd_Out2 *****************
 Defined at:
		line 109 in file "Library_LCD_2.h"
 Parameters:    Size  Location     Type
  y               1    wreg     unsigned char 
  x               1    3[BANK0 ] unsigned char 
  buffer          2    4[BANK0 ] PTR unsigned char 
		 -> buffer2(20), main@buffer1(16), 
 Auto vars:     Size  Location     Type
  y               1    6[BANK0 ] unsigned char 
  data            1    7[BANK0 ] unsigned char 
 Return value:  Size  Location     Type
                  1    wreg      void 
 Registers used:
		wreg, fsr2l, fsr2h, status,2, status,0, cstack
 Tracked objects:
		On entry : 
		On exit  : 
		Unchanged: 
 Data sizes:     COMRAM   BANK0   BANK1   BANK2   BANK3   BANK4   BANK5   BANK6   BANK7
      Params:         0       3       0       0       0       0       0       0       0
      Locals:         0       2       0       0       0       0       0       0       0
      Temps:          0       0       0       0       0       0       0       0       0
      Totals:         0       5       0       0       0       0       0       0       0
Total ram usage:        5 bytes
 Hardware stack levels used:    1
 Hardware stack levels required when called:    4
 This function calls:
		_Lcd_Chr_CP
		_Lcd_Cmd
 This function is called by:
		_main
 This function uses a non-reentrant model


 *************** function _Lcd_Chr_CP *****************
 Defined at:
		line 130 in file "Library_LCD_2.h"
 Parameters:    Size  Location     Type
  data            1    wreg     unsigned char 
 Auto vars:     Size  Location     Type
  data            1    2[BANK0 ] unsigned char 
 Return value:  Size  Location     Type
                  1    wreg      void 
 Registers used:
		wreg, status,2, status,0
 Tracked objects:
		On entry : 
		On exit  : 
		Unchanged: 
 Data sizes:     COMRAM   BANK0   BANK1   BANK2   BANK3   BANK4   BANK5   BANK6   BANK7
      Params:         0       0       0       0       0       0       0       0       0
      Locals:         0       1       0       0       0       0       0       0       0
      Temps:          0       2       0       0       0       0       0       0       0
      Totals:         0       3       0       0       0       0       0       0       0
Total ram usage:        3 bytes
 Hardware stack levels used:    1
 Hardware stack levels required when called:    3
 This function calls:
		Nothing
 This function is called by:
		_Lcd_Out2
		_Lcd_Out
 This function uses a non-reentrant model


 *************** function _Lcd_Init *****************
 Defined at:
		line 46 in file "Library_LCD_2.h"
 Parameters:    Size  Location     Type
		None
 Auto vars:     Size  Location     Type
  data            1    4[BANK0 ] unsigned char 
 Return value:  Size  Location     Type
                  1    wreg      void 
 Registers used:
		wreg, status,2, status,0, cstack
 Tracked objects:
		On entry : 
		On exit  : 
		Unchanged: 
 Data sizes:     COMRAM   BANK0   BANK1   BANK2   BANK3   BANK4   BANK5   BANK6   BANK7
      Params:         0       0       0       0       0       0       0       0       0
      Locals:         0       1       0       0       0       0       0       0       0
      Temps:          0       1       0       0       0       0       0       0       0
      Totals:         0       2       0       0       0       0       0       0       0
Total ram usage:        2 bytes
 Hardware stack levels used:    1
 Hardware stack levels required when called:    4
 This function calls:
		_Lcd_Cmd
 This function is called by:
		_main
 This function uses a non-reentrant model


 *************** function _Lcd_Cmd *****************
 Defined at:
		line 144 in file "Library_LCD_2.h"
 Parameters:    Size  Location     Type
  data            1    wreg     unsigned char 
 Auto vars:     Size  Location     Type
  data            1    2[BANK0 ] unsigned char 
 Return value:  Size  Location     Type
                  1    wreg      void 
 Registers used:
		wreg, status,2, status,0
 Tracked objects:
		On entry : 
		On exit  : 
		Unchanged: 
 Data sizes:     COMRAM   BANK0   BANK1   BANK2   BANK3   BANK4   BANK5   BANK6   BANK7
      Params:         0       0       0       0       0       0       0       0       0
      Locals:         0       1       0       0       0       0       0       0       0
      Temps:          0       2       0       0       0       0       0       0       0
      Totals:         0       3       0       0       0       0       0       0       0
Total ram usage:        3 bytes
 Hardware stack levels used:    1
 Hardware stack levels required when called:    3
 This function calls:
		Nothing
 This function is called by:
		_Lcd_Init
		_Lcd_Out2
		_main
		_Lcd_Out
 This function uses a non-reentrant model


 *************** function _comparar *****************
 Defined at:
		line 93 in file "main_014_Practice_CCP Comparacion_ADC.c"
 Parameters:    Size  Location     Type
		None
 Auto vars:     Size  Location     Type
		None
 Return value:  Size  Location     Type
                  1    wreg      void 
 Registers used:
		wreg, status,2, status,0, cstack
 Tracked objects:
		On entry : 
		On exit  : 
		Unchanged: 
 Data sizes:     COMRAM   BANK0   BANK1   BANK2   BANK3   BANK4   BANK5   BANK6   BANK7
      Params:         0       0       0       0       0       0       0       0       0
      Locals:         0       0       0       0       0       0       0       0       0
      Temps:         18       0       0       0       0       0       0       0       0
      Totals:        18       0       0       0       0       0       0       0       0
Total ram usage:       18 bytes
 Hardware stack levels used:    1
 Hardware stack levels required when called:    2
 This function calls:
		i2___ftdiv
		i2___ftmul
		i2___lwtoft
 This function is called by:
		Interrupt level 2
 This function uses a non-reentrant model


 *************** function i2___lwtoft *****************
 Defined at:
		line 28 in file "C:\Program Files (x86)\Microchip\xc8\v1.45\sources\common\lwtoft.c"
 Parameters:    Size  Location     Type
  c               2    8[COMRAM] unsigned int 
 Auto vars:     Size  Location     Type
		None
 Return value:  Size  Location     Type
                  3    8[COMRAM] float 
 Registers used:
		wreg, status,2, status,0, cstack
 Tracked objects:
		On entry : 
		On exit  : 
		Unchanged: 
 Data sizes:     COMRAM   BANK0   BANK1   BANK2   BANK3   BANK4   BANK5   BANK6   BANK7
      Params:         3       0       0       0       0       0       0       0       0
      Locals:         0       0       0       0       0       0       0       0       0
      Temps:          0       0       0       0       0       0       0       0       0
      Totals:         3       0       0       0       0       0       0       0       0
Total ram usage:        3 bytes
 Hardware stack levels used:    1
 Hardware stack levels required when called:    1
 This function calls:
		i2___ftpack
 This function is called by:
		_comparar
 This function uses a non-reentrant model


 *************** function i2___ftmul *****************
 Defined at:
		line 62 in file "C:\Program Files (x86)\Microchip\xc8\v1.45\sources\common\ftmul.c"
 Parameters:    Size  Location     Type
  f1              3   11[COMRAM] float 
  f2              3   14[COMRAM] float 
 Auto vars:     Size  Location     Type
  __ftmul         3   21[COMRAM] unsigned um
  __ftmul         1   25[COMRAM] unsigned char 
  __ftmul         1   24[COMRAM] unsigned char 
  __ftmul         1   20[COMRAM] unsigned char 
 Return value:  Size  Location     Type
                  3   11[COMRAM] float 
 Registers used:
		wreg, status,2, status,0, cstack
 Tracked objects:
		On entry : 
		On exit  : 
		Unchanged: 
 Data sizes:     COMRAM   BANK0   BANK1   BANK2   BANK3   BANK4   BANK5   BANK6   BANK7
      Params:         6       0       0       0       0       0       0       0       0
      Locals:         6       0       0       0       0       0       0       0       0
      Temps:          3       0       0       0       0       0       0       0       0
      Totals:        15       0       0       0       0       0       0       0       0
Total ram usage:       15 bytes
 Hardware stack levels used:    1
 Hardware stack levels required when called:    1
 This function calls:
		i2___ftpack
 This function is called by:
		_comparar
 This function uses a non-reentrant model


 *************** function i2___ftdiv *****************
 Defined at:
		line 54 in file "C:\Program Files (x86)\Microchip\xc8\v1.45\sources\common\ftdiv.c"
 Parameters:    Size  Location     Type
  f1              3   26[COMRAM] float 
  f2              3   29[COMRAM] float 
 Auto vars:     Size  Location     Type
  __ftdiv         3   36[COMRAM] float 
  __ftdiv         1   40[COMRAM] unsigned char 
  __ftdiv         1   39[COMRAM] unsigned char 
  __ftdiv         1   35[COMRAM] unsigned char 
 Return value:  Size  Location     Type
                  3   26[COMRAM] float 
 Registers used:
		wreg, status,2, status,0, cstack
 Tracked objects:
		On entry : 
		On exit  : 
		Unchanged: 
 Data sizes:     COMRAM   BANK0   BANK1   BANK2   BANK3   BANK4   BANK5   BANK6   BANK7
      Params:         6       0       0       0       0       0       0       0       0
      Locals:         6       0       0       0       0       0       0       0       0
      Temps:          3       0       0       0       0       0       0       0       0
      Totals:        15       0       0       0       0       0       0       0       0
Total ram usage:       15 bytes
 Hardware stack levels used:    1
 Hardware stack levels required when called:    1
 This function calls:
		i2___ftpack
 This function is called by:
		_comparar
 This function uses a non-reentrant model


 *************** function i2___ftpack *****************
 Defined at:
		line 62 in file "C:\Program Files (x86)\Microchip\xc8\v1.45\sources\common\float.c"
 Parameters:    Size  Location     Type
  arg             3    0[COMRAM] unsigned um
  exp             1    3[COMRAM] unsigned char 
  sign            1    4[COMRAM] unsigned char 
 Auto vars:     Size  Location     Type
		None
 Return value:  Size  Location     Type
                  3    0[COMRAM] float 
 Registers used:
		wreg, status,2, status,0
 Tracked objects:
		On entry : 
		On exit  : 
		Unchanged: 
 Data sizes:     COMRAM   BANK0   BANK1   BANK2   BANK3   BANK4   BANK5   BANK6   BANK7
      Params:         5       0       0       0       0       0       0       0       0
      Locals:         0       0       0       0       0       0       0       0       0
      Temps:          3       0       0       0       0       0       0       0       0
      Totals:         8       0       0       0       0       0       0       0       0
Total ram usage:        8 bytes
 Hardware stack levels used:    1
 This function calls:
		Nothing
 This function is called by:
		i2___ftdiv
		i2___ftmul
		i2___lwtoft
 This function uses a non-reentrant model



MODULE INFORMATION

Module		Function		Class		Link	Load	Size
C:\Program Files (x86)\Microchip\xc8\v1.45\sources\common\ftneg.c
		___ftneg       		CODE           	2CF6	0000	39

C:\Program Files (x86)\Microchip\xc8\v1.45\sources\common\ftneg.c estimated size: 39

C:\Program Files (x86)\Microchip\xc8\v1.45\sources\common\ftsub.c
		___ftsub       		CODE           	2C66	0000	67

C:\Program Files (x86)\Microchip\xc8\v1.45\sources\common\ftsub.c estimated size: 67

C:\Program Files (x86)\Microchip\xc8\v1.45\sources\common\float.c
		___ftpack      		CODE           	276C	0000	177

C:\Program Files (x86)\Microchip\xc8\v1.45\sources\common\float.c estimated size: 177

C:\Program Files (x86)\Microchip\xc8\v1.45\sources\common\doprnt.c
		_scale         		CODE           	11EC	0000	1081
		_sprintf       		CODE           	0892	0000	2395
		_fround        		CODE           	1624	0000	625

C:\Program Files (x86)\Microchip\xc8\v1.45\sources\common\doprnt.c estimated size: 4101

C:\Program Files (x86)\Microchip\xc8\v1.45\sources\common\lltoft.c
		___lltoft      		CODE           	2BAA	0000	95

C:\Program Files (x86)\Microchip\xc8\v1.45\sources\common\lltoft.c estimated size: 95

C:\Program Files (x86)\Microchip\xc8\v1.45\sources\common\Umul16.c
		___wmul        		CODE           	2CA8	0000	41

C:\Program Files (x86)\Microchip\xc8\v1.45\sources\common\Umul16.c estimated size: 41

C:\Program Files (x86)\Microchip\xc8\v1.45\sources\common\ftge.c
		___ftge        		CODE           	28CA	0000	147

C:\Program Files (x86)\Microchip\xc8\v1.45\sources\common\ftge.c estimated size: 147

C:\Program Files (x86)\Microchip\xc8\v1.45\sources\common\isdigit.c
		_isdigit       		CODE           	2D66	0000	35

C:\Program Files (x86)\Microchip\xc8\v1.45\sources\common\isdigit.c estimated size: 35

C:\Program Files (x86)\Microchip\xc8\v1.45\sources\common\ftdivl.c
		__tdiv_to_l_   		CODE           	1CF4	0000	309

C:\Program Files (x86)\Microchip\xc8\v1.45\sources\common\ftdivl.c estimated size: 309

configstandard.c
		_configstandard		CODE           	2C08	0000	95

configstandard.c estimated size: 95

C:\Program Files (x86)\Microchip\xc8\v1.45\sources\common\ftmul.c
		___ftmul       		CODE           	23B4	0000	247

C:\Program Files (x86)\Microchip\xc8\v1.45\sources\common\ftmul.c estimated size: 247

C:\Program Files (x86)\Microchip\xc8\v1.45\sources\common\awmod.c
		___awmod       		CODE           	2A66	0000	115

C:\Program Files (x86)\Microchip\xc8\v1.45\sources\common\awmod.c estimated size: 115

C:\Program Files (x86)\Microchip\xc8\v1.45\sources\common\ftdiv.c
		___ftdiv       		CODE           	259E	0000	233

C:\Program Files (x86)\Microchip\xc8\v1.45\sources\common\ftdiv.c estimated size: 233

C:\Program Files (x86)\Microchip\xc8\v1.45\sources\common\llmod.c
		___llmod       		CODE           	2B42	0000	105

C:\Program Files (x86)\Microchip\xc8\v1.45\sources\common\llmod.c estimated size: 105

Library_LCD_2.h
		_Lcd_Init      		CODE           	1BB4	0000	321
		_Lcd_Out2      		CODE           	2AD8	0000	107
		_Lcd_Chr_CP    		CODE           	1E28	0000	309
		_Lcd_Cmd       		CODE           	1F5C	0000	303

Library_LCD_2.h estimated size: 1040

C:\Program Files (x86)\Microchip\xc8\v1.45\sources\common\fldivl.c
		__div_to_l_    		CODE           	208A	0000	299

C:\Program Files (x86)\Microchip\xc8\v1.45\sources\common\fldivl.c estimated size: 299

shared
		i2___ftdiv     		CODE           	2686	0000	231
		__powers_      		SMALLCONST     	0829	0000	40
		_dpowers       		SMALLCONST     	0801	0000	41
		i2___lwtoft    		CODE           	2D42	0000	37
		i2___ftmul     		CODE           	24AA	0000	245
		__npowers_     		SMALLCONST     	0850	0000	40
		i2___ftpack    		CODE           	281C	0000	175
		__initialization		CODE           	2CD0	0000	25

shared estimated size: 834

C:\Program Files (x86)\Microchip\xc8\v1.45\sources\common\fttol.c
		___fttol       		CODE           	22BC	0000	249

C:\Program Files (x86)\Microchip\xc8\v1.45\sources\common\fttol.c estimated size: 249

C:\Program Files (x86)\Microchip\xc8\v1.45\sources\common\awdiv.c
		___awdiv       		CODE           	295C	0000	135

C:\Program Files (x86)\Microchip\xc8\v1.45\sources\common\awdiv.c estimated size: 135

C:\Program Files (x86)\Microchip\xc8\v1.45\sources\common\ftadd.c
		___ftadd       		CODE           	1894	0000	431

C:\Program Files (x86)\Microchip\xc8\v1.45\sources\common\ftadd.c estimated size: 431

C:\Program Files (x86)\Microchip\xc8\v1.45\sources\common\lldiv.c
		___lldiv       		CODE           	29E2	0000	133

C:\Program Files (x86)\Microchip\xc8\v1.45\sources\common\lldiv.c estimated size: 133

C:\Program Files (x86)\Microchip\xc8\v1.45\sources\common\lwtoft.c
		___lwtoft      		CODE           	2D1C	0000	39

C:\Program Files (x86)\Microchip\xc8\v1.45\sources\common\lwtoft.c estimated size: 39

main_014_Practice_CCP Comparacion_ADC.c
		_main          		CODE           	1A42	0000	371
		_comparar      		CODE           	0008	0000	271

main_014_Practice_CCP Comparacion_ADC.c estimated size: 642

