Microchip MPLAB XC8 Compiler V1.45 ()

Linker command line:

-W-3 --edf=C:\Program Files (x86)\Microchip\xc8\v1.45\dat\en_msgs.txt -cs \
  -h+dist/default/production\GY91.X.production.sym \
  --cmf=dist/default/production\GY91.X.production.cmf -z -w9 --disl=596:off \
  --norlf -Q18F4550 -oC:\Users\ADMINI~1\AppData\Local\Temp\saro.2 \
  -Mdist/default/production/GY91.X.production.map -E1 -ver=XC8 \
  -ACODE=00h-07FFFh -ACONST=00h-07FFFh -ASMALLCONST=0800h-08FFhx120 \
  -AMEDIUMCONST=0800h-07FFFh -ACOMRAM=01h-05Fh -AABS1=00h-07FFh \
  -ABIGRAM=01h-07FFh -ARAM=060h-0FFh,0100h-01FFhx7 -ABANK0=060h-0FFh \
  -ABANK1=0100h-01FFh -ABANK2=0200h-02FFh -ABANK3=0300h-03FFh \
  -ABANK4=0400h-04FFh -ABANK5=0500h-05FFh -ABANK6=0600h-06FFh \
  -ABANK7=0700h-07FFh -ASFR=0F60h-0FFFh \
  -preset_vec=00h,intcode,intcodelo,powerup,init -pramtop=0800h \
  -psmallconst=SMALLCONST -pmediumconst=MEDIUMCONST -pconst=CONST \
  -AFARRAM=00h-00h -ACONFIG=0300000h-030000Dh -pconfig=CONFIG \
  -AIDLOC=0200000h-0200007h -pidloc=IDLOC -AEEDATA=0F00000h-0F000FFh \
  -peeprom_data=EEDATA \
  -prdata=COMRAM,nvrram=COMRAM,nvbit=COMRAM,rbss=COMRAM,rbit=COMRAM \
  -pfarbss=FARRAM,fardata=FARRAM,nvFARRAM=FARRAM \
  -pintsave_regs=BIGRAM,bigbss=BIGRAM,bigdata=BIGRAM -pbss=RAM \
  -pidata=CODE,irdata=CODE,ibigdata=CODE,ifardata=CODE \
  C:\Users\ADMINI~1\AppData\Local\Temp\saro.obj \
  dist/default/production\GY91.X.production.obj 

Object code version is 3.11

Machine type is 18F4550

Call graph: (short form)




                Name                               Link     Load   Length Selector   Space Scale
C:\Users\ADMINI~1\AppData\Local\Temp\saro.obj
                init                                  0        0        4        0       0
dist/default/production\GY91.X.production.obj
                smallconst                          800      800       A4      400       0
                text31                             252C     252C        8      452       0
                text30                             24D8     24D8       16      452       0
                text29                             24C2     24C2       16      452       0
                text28                             2502     2502        C      452       0
                text27                             24A4     24A4       1E      452       0
                text26                             24EE     24EE       14      452       0
                text25                             2522     2522        A      452       0
                text24                             2518     2518        A      452       0
                text23                             2462     2462       24      452       0
                text22                             1FCA     1FCA       AE      452       0
                text21                             23E0     23E0       38      452       0
                text20                             1EE4     1EE4       E6      452       0
                text19                             22E4     22E4       60      452       0
                text18                             2078     2078       90      452       0
                text17                             243E     243E       24      452       0
                text16                             18F6     18F6      1AC      452       0
                text15                             23A0     23A0       40      452       0
                text14                             1DF0     1DF0       F4      452       0
                text13                             218C     218C       82      452       0
                text12                             227E     227E       66      452       0
                text11                             2344     2344       5C      452       0
                text10                             1BD4     1BD4      128      452       0
                text9                              1AA2     1AA2      132      452       0
                text8                              2108     2108       84      452       0
                text7                              220E     220E       70      452       0
                text6                              1CFC     1CFC       F4      452       0
                text5                              2418     2418       26      452       0
                text4                              16A4     16A4      252      452       0
                text3                              2486     2486       1E      452       0
                text2                               FAC      FAC      408      452       0
                text1                               8A4      8A4      708      452       0
                text0                              13B4     13B4      2F0      452       0
                cstackCOMRAM                          1        1       50        1       1
                cstackBANK0                          60       60       76       60       1
                cinit                              250E     250E        A      452       0

TOTAL           Name                               Link     Load   Length     Space
        CLASS   CODE           
                init                                  0        0        4         0
                text31                             252C     252C        8         0
                text30                             24D8     24D8       16         0
                text29                             24C2     24C2       16         0
                text28                             2502     2502        C         0
                text27                             24A4     24A4       1E         0
                text26                             24EE     24EE       14         0
                text25                             2522     2522        A         0
                text24                             2518     2518        A         0
                text23                             2462     2462       24         0
                text22                             1FCA     1FCA       AE         0
                text21                             23E0     23E0       38         0
                text20                             1EE4     1EE4       E6         0
                text19                             22E4     22E4       60         0
                text18                             2078     2078       90         0
                text17                             243E     243E       24         0
                text16                             18F6     18F6      1AC         0
                text15                             23A0     23A0       40         0
                text14                             1DF0     1DF0       F4         0
                text13                             218C     218C       82         0
                text12                             227E     227E       66         0
                text11                             2344     2344       5C         0
                text10                             1BD4     1BD4      128         0
                text9                              1AA2     1AA2      132         0
                text8                              2108     2108       84         0
                text7                              220E     220E       70         0
                text6                              1CFC     1CFC       F4         0
                text5                              2418     2418       26         0
                text4                              16A4     16A4      252         0
                text3                              2486     2486       1E         0
                text2                               FAC      FAC      408         0
                text1                               8A4      8A4      708         0
                text0                              13B4     13B4      2F0         0
                cinit                              250E     250E        A         0

        CLASS   CONST          

        CLASS   SMALLCONST     
                smallconst                          800      800       A4         0

        CLASS   MEDIUMCONST    

        CLASS   COMRAM         
                cstackCOMRAM                          1        1       50         1

        CLASS   ABS1           

        CLASS   BIGRAM         

        CLASS   RAM            

        CLASS   BANK0          
                cstackBANK0                          60       60       76         1

        CLASS   BANK1          

        CLASS   BANK2          

        CLASS   BANK3          

        CLASS   BANK4          

        CLASS   BANK5          

        CLASS   BANK6          

        CLASS   BANK7          

        CLASS   SFR            

        CLASS   FARRAM         

        CLASS   CONFIG         

        CLASS   IDLOC          

        CLASS   EEDATA         

        CLASS   STACK          



SEGMENTS        Name                           Load    Length   Top    Selector   Space  Class

                reset_vec                      000000  000004  000004         0       0  CODE    
                cstackCOMRAM                   000001  000050  000051         1       1  COMRAM  
                cstackBANK0                    000060  000076  0000D6        60       1  BANK0   
                smallconst                     000800  0000A4  0008A4       400       0  SMALLCON
                text1                          0008A4  001C90  002534       452       0  CODE    


UNUSED ADDRESS RANGES

        Name                Unused          Largest block    Delta
        BANK0            00D6-00FF             2A
        BANK1            0100-01FF            100
        BANK2            0200-02FF            100
        BANK3            0300-03FF            100
        BANK4            0400-04FF            100
        BANK5            0500-05FF            100
        BANK6            0600-06FF            100
        BANK7            0700-07FF            100
        BIGRAM           0051-005F              F
                         00D6-07FF            72A
        CODE             0004-07FF            7FC
                         2534-7FFF           5ACC
        COMRAM           0051-005F              F
        CONFIG           300000-30000D              E
        CONST            0004-07FF            7FC
                         2534-7FFF           5ACC
        EEDATA           F00000-F000FF            100
        IDLOC            200000-200007              8
        MEDIUMCONST      2534-7FFF           5ACC
        RAM              00D6-07FF            100
        SFR              0F60-0FFF             A0
        SMALLCONST       2534-7FFF            100

                                  Symbol Table

_Acelerometro_Init                                     
__CFG_BORV$3                          (abs)        0000
__CFG_CPUDIV$OSC1_PLL2                (abs)        0000
__CFG_FCMEN$OFF                       (abs)        0000
__CFG_FOSC$HSPLL_HS                   (abs)        0000
__CFG_LVP$OFF                         (abs)        0000
__CFG_MCLRE$ON                        (abs)        0000
__CFG_PLLDIV$2                        (abs)        0000
__CFG_WDT$OFF                         (abs)        0000
__HRAM                                (abs)        0000
__Habs1                               abs1         0000
__Hbank0                              bank0        0000
__Hbank1                              bank1        0000
__Hbank2                              bank2        0000
__Hbank3                              bank3        0000
__Hbank4                              bank4        0000
__Hbank5                              bank5        0000
__Hbank6                              bank6        0000
__Hbank7                              bank7        0000
__Hbigbss                             bigbss       0000
__Hbigdata                            bigdata      0000
__Hbigram                             bigram       0000
__Hbss                                bss          0000
__Hcinit                              cinit        0000
__Hclrtext                            clrtext      0000
__Hcomram                             comram       0000
__Hconfig                             config       0000
__Hconst                              const        0000
__HcstackBANK0                        cstackBANK0  0000
__HcstackCOMRAM                       cstackCOMRAM 0000
__Hdata                               data         0000
__Heeprom_data                        eeprom_data  0000
__Hfarbss                             farbss       0000
__Hfardata                            fardata      0000
__Hibigdata                           ibigdata     0000
__Hidata                              idata        0000
__Hidloc                              idloc        0000
__Hifardata                           ifardata     0000
__Hintcode                            intcode      0000
__Hintcode_body                       intcode_body 0000
__Hintcodelo                          intcodelo    0000
__Hintentry                           intentry     0000
__Hintret                             intret       0000
__Hintsave_regs                       intsave_regs 0000
__Hirdata                             irdata       0000
__Hmediumconst                        mediumconst  0000
__HnvFARRAM                           nvFARRAM     0000
__Hnvbit                              nvbit        0000
__Hnvrram                             nvrram       0000
__Hparam                              rparam       0000
__Hpowerup                            powerup      0000
__Hram                                ram          0000
__Hrbit                               rbit         0000
__Hrbss                               rbss         0000
__Hrdata                              rdata        0000
__Hreset_vec                          reset_vec    0000
__Hrparam                             rparam       0000
__Hsfr                                sfr          0000
__Hspace_2                            (abs)        0000
__Hstack                              stack        0000
__Hstruct                             struct       0000
__Htemp                               temp         0000
__Htext                               text         0000
__Htext0                              text0        0000
__Htext1                              text1        0000
__Htext10                             text10       0000
__Htext11                             text11       0000
__Htext12                             text12       0000
__Htext13                             text13       0000
__Htext14                             text14       0000
__Htext15                             text15       0000
__Htext16                             text16       0000
__Htext17                             text17       0000
__Htext18                             text18       0000
__Htext19                             text19       0000
__Htext2                              text2        0000
__Htext20                             text20       0000
__Htext21                             text21       0000
__Htext22                             text22       0000
__Htext23                             text23       0000
__Htext24                             text24       0000
__Htext25                             text25       0000
__Htext26                             text26       0000
__Htext27                             text27       0000
__Htext28                             text28       0000
__Htext29                             text29       0000
__Htext3                              text3        0000
__Htext30                             text30       0000
__Htext31                             text31       0000
__Htext4                              text4        0000
__Htext5                              text5        0000
__Htext6                              text6        0000
__Htext7                              text7        0000
__Htext8                              text8        0000
__Htext9                              text9        0000
__Labs1                               abs1         0000
__Lbank0                              bank0        0000
__Lbank1                              bank1        0000
__Lbank2                              bank2        0000
__Lbank3                              bank3        0000
__Lbank4                              bank4        0000
__Lbank5                              bank5        0000
__Lbank6                              bank6        0000
__Lbank7                              bank7        0000
__Lbigbss                             bigbss       0000
__Lbigdata                            bigdata      0000
__Lbigram                             bigram       0000
__Lbss                                bss          0000
__Lcinit                              cinit        0000
__Lclrtext                            clrtext      0000
__Lcomram                             comram       0000
__Lconfig                             config       0000
__Lconst                              const        0000
__LcstackBANK0                        cstackBANK0  0000
__LcstackCOMRAM                       cstackCOMRAM 0000
__Ldata                               data         0000
__Leeprom_data                        eeprom_data  0000
__Lfarbss                             farbss       0000
__Lfardata                            fardata      0000
__Libigdata                           ibigdata     0000
__Lidata                              idata        0000
__Lidloc                              idloc        0000
__Lifardata                           ifardata     0000
__Linit                               init         0000
__Lintcode                            intcode      0000
__Lintcode_body                       intcode_body 0000
__Lintcodelo                          intcodelo    0000
__Lintentry                           intentry     0000
__Lintret                             intret       0000
__Lintsave_regs                       intsave_regs 0000
__Lirdata                             irdata       0000
__Lmediumconst                        mediumconst  0000
__LnvFARRAM                           nvFARRAM     0000
__Lnvbit                              nvbit        0000
__Lnvrram                             nvrram       0000
__Lparam                              rparam       0000
__Lpowerup                            powerup      0000
__Lram                                ram          0000
__Lrbit                               rbit         0000
__Lrbss                               rbss         0000
__Lrdata                              rdata        0000
__Lreset_vec                          reset_vec    0000
__Lrparam                             rparam       0000
__Lsfr                                sfr          0000
__Lspace_0                            (abs)        0000
__Lspace_1                            (abs)        0000
__Lspace_2                            (abs)        0000
__Lstack                              stack        0000
__Lstruct                             struct       0000
__Ltemp                               temp         0000
__Ltext                               text         0000
__Ltext0                              text0        0000
__Ltext1                              text1        0000
__Ltext10                             text10       0000
__Ltext11                             text11       0000
__Ltext12                             text12       0000
__Ltext13                             text13       0000
__Ltext14                             text14       0000
__Ltext15                             text15       0000
__Ltext16                             text16       0000
__Ltext17                             text17       0000
__Ltext18                             text18       0000
__Ltext19                             text19       0000
__Ltext2                              text2        0000
__Ltext20                             text20       0000
__Ltext21                             text21       0000
__Ltext22                             text22       0000
__Ltext23                             text23       0000
__Ltext24                             text24       0000
__Ltext25                             text25       0000
__Ltext26                             text26       0000
__Ltext27                             text27       0000
__Ltext28                             text28       0000
__Ltext29                             text29       0000
__Ltext3                              text3        0000
__Ltext30                             text30       0000
__Ltext31                             text31       0000
__Ltext4                              text4        0000
__Ltext5                              text5        0000
__Ltext6                              text6        0000
__Ltext7                              text7        0000
__Ltext8                              text8        0000
__Ltext9                              text9        0000
___inthi_sp                           stack        0000
___intlo_sp                           stack        0000
___param_bank                         (abs)        0000
___sp                                 stack        0000
__mediumconst                         mediumconst  0000
__size_of_Acelerometro_Start          (abs)        0000
__size_of_I2C_Ack                     (abs)        0000
__size_of_I2C_Nack                    (abs)        0000
__size_of_I2C_Read                    (abs)        0000
__size_of_I2C_Ready                   (abs)        0000
__size_of_I2C_Repeated_Start          (abs)        0000
__size_of_I2C_Start_Wait              (abs)        0000
__size_of_I2C_Stop                    (abs)        0000
__size_of_I2C_Write                   (abs)        0000
__size_of___awdiv                     (abs)        0000
__size_of___awmod                     (abs)        0000
__size_of___awtoft                    (abs)        0000
__size_of___ftadd                     (abs)        0000
__size_of___ftdiv                     (abs)        0000
__size_of___ftge                      (abs)        0000
__size_of___ftmul                     (abs)        0000
__size_of___ftneg                     (abs)        0000
__size_of___ftpack                    (abs)        0000
__size_of___ftsub                     (abs)        0000
__size_of___fttol                     (abs)        0000
__size_of___lldiv                     (abs)        0000
__size_of___llmod                     (abs)        0000
__size_of___lltoft                    (abs)        0000
__size_of___wmul                      (abs)        0000
__size_of__div_to_l_                  (abs)        0000
__size_of__tdiv_to_l_                 (abs)        0000
__size_of_configBoard                 (abs)        0000
__size_of_fround                      (abs)        0000
__size_of_isdigit                     (abs)        0000
__size_of_main                        (abs)        0000
__size_of_scale                       (abs)        0000
__size_of_sprintf                     (abs)        0000
_lcd_inicializar                                       
intlevel0                             text         0000
intlevel1                             text         0000
intlevel2                             text         0000
intlevel3                             text         0000
stackhi                               (abs)        0000
stacklo                               (abs)        0000
start                                 init         0000
?___awmod                             cstackCOMRAM 0001
?___ftneg                             cstackCOMRAM 0001
?___ftpack                            cstackCOMRAM 0001
?___lldiv                             cstackCOMRAM 0001
?___llmod                             cstackCOMRAM 0001
?__div_to_l_                          cstackCOMRAM 0001
?__tdiv_to_l_                         cstackCOMRAM 0001
I2C_Read@flag                         cstackCOMRAM 0001
I2C_Write@data                        cstackCOMRAM 0001
__LRAM                                (abs)        0001
___awmod@dividend                     cstackCOMRAM 0001
___ftge@ff1                           cstackCOMRAM 0001
___ftneg@f1                           cstackCOMRAM 0001
___ftpack@arg                         cstackCOMRAM 0001
___lldiv@dividend                     cstackCOMRAM 0001
___llmod@dividend                     cstackCOMRAM 0001
___rparam_used                        (abs)        0001
__div_to_l_@f1                        cstackCOMRAM 0001
__pcstackCOMRAM                       cstackCOMRAM 0001
__tdiv_to_l_@f1                       cstackCOMRAM 0001
I2C_Read@buffer                       cstackCOMRAM 0002
I2C_Repeated_Start@slave_read_address cstackCOMRAM 0002
I2C_Start_Wait@slave_write_address    cstackCOMRAM 0002
__activetblptr                        (abs)        0002
_isdigit$1117                         cstackCOMRAM 0002
___awmod@divisor                      cstackCOMRAM 0003
isdigit@c                             cstackCOMRAM 0003
__Hinit                               init         0004
___ftge@ff2                           cstackCOMRAM 0004
___ftpack@exp                         cstackCOMRAM 0004
__div_to_l_@f2                        cstackCOMRAM 0004
__tdiv_to_l_@f2                       cstackCOMRAM 0004
___awmod@counter                      cstackCOMRAM 0005
___ftpack@sign                        cstackCOMRAM 0005
___lldiv@divisor                      cstackCOMRAM 0005
___llmod@divisor                      cstackCOMRAM 0005
___awmod@sign                         cstackCOMRAM 0006
?___awdiv                             cstackCOMRAM 0007
___awdiv@dividend                     cstackCOMRAM 0007
__div_to_l_@quot                      cstackCOMRAM 0007
?___awtoft                            cstackCOMRAM 0009
?___lltoft                            cstackCOMRAM 0009
___awdiv@divisor                      cstackCOMRAM 0009
___awtoft@c                           cstackCOMRAM 0009
___lldiv@quotient                     cstackCOMRAM 0009
___llmod@counter                      cstackCOMRAM 0009
___lltoft@c                           cstackCOMRAM 0009
__tdiv_to_l_@quot                     cstackCOMRAM 000A
___awdiv@counter                      cstackCOMRAM 000B
__div_to_l_@cntr                      cstackCOMRAM 000B
___awdiv@sign                         cstackCOMRAM 000C
___awtoft@sign                        cstackCOMRAM 000C
__div_to_l_@exp1                      cstackCOMRAM 000C
?___ftdiv                             cstackCOMRAM 000D
___awdiv@quotient                     cstackCOMRAM 000D
___ftdiv@f1                           cstackCOMRAM 000D
___lldiv@counter                      cstackCOMRAM 000D
__tdiv_to_l_@cntr                     cstackCOMRAM 000E
?___wmul                              cstackCOMRAM 000F
___wmul@multiplier                    cstackCOMRAM 000F
__tdiv_to_l_@exp1                     cstackCOMRAM 000F
___ftdiv@f2                           cstackCOMRAM 0010
___lltoft@exp                         cstackCOMRAM 0011
___wmul@multiplicand                  cstackCOMRAM 0011
___wmul@product                       cstackCOMRAM 0013
?___ftmul                             cstackCOMRAM 0015
___ftmul@f1                           cstackCOMRAM 0015
___ftdiv@cntr                         cstackCOMRAM 0016
___ftdiv@f3                           cstackCOMRAM 0017
___ftmul@f2                           cstackCOMRAM 0018
___ftdiv@exp                          cstackCOMRAM 001A
___ftdiv@sign                         cstackCOMRAM 001B
___ftmul@exp                          cstackCOMRAM 001E
___ftmul@f3_as_product                cstackCOMRAM 001F
___ftmul@cntr                         cstackCOMRAM 0022
___ftmul@sign                         cstackCOMRAM 0023
?_fround                              cstackCOMRAM 0024
?_scale                               cstackCOMRAM 0024
_fround$1495                          cstackCOMRAM 0027
_scale$1496                           cstackCOMRAM 0027
_fround$1494                          cstackCOMRAM 002A
scale@scl                             cstackCOMRAM 002A
?___fttol                             cstackCOMRAM 002B
___fttol@f1                           cstackCOMRAM 002B
fround@prec                           cstackCOMRAM 002D
?___ftadd                             cstackCOMRAM 002E
___ftadd@f1                           cstackCOMRAM 002E
___ftadd@f2                           cstackCOMRAM 0031
___fttol@sign1                        cstackCOMRAM 0034
___fttol@lval                         cstackCOMRAM 0035
___ftadd@sign                         cstackCOMRAM 0037
___ftadd@exp2                         cstackCOMRAM 0038
___ftadd@exp1                         cstackCOMRAM 0039
___fttol@exp1                         cstackCOMRAM 0039
?___ftsub                             cstackCOMRAM 003A
___ftsub@f1                           cstackCOMRAM 003A
___ftsub@f2                           cstackCOMRAM 003D
?_sprintf                             cstackCOMRAM 0040
sprintf@sp                            cstackCOMRAM 0040
sprintf@f                             cstackCOMRAM 0042
__accesstop                           (abs)        0060
__pcstackBANK0                        cstackBANK0  0060
_sprintf$1497                         cstackBANK0  0060
sprintf@ap                            cstackBANK0  0063
sprintf@flag                          cstackBANK0  0065
sprintf@val                           cstackBANK0  0067
sprintf@exp                           cstackBANK0  006B
sprintf@tmpval                        cstackBANK0  006D
sprintf@prec                          cstackBANK0  0071
sprintf@fval                          cstackBANK0  0073
sprintf@c                             cstackBANK0  0076
main@buffer                           cstackBANK0  0077
main@buffer2                          cstackBANK0  008B
main@buffer3                          cstackBANK0  009F
main@t                                cstackBANK0  00B3
main@Xg                               cstackBANK0  00B6
main@Yg                               cstackBANK0  00B9
main@Zg                               cstackBANK0  00BC
main@Xa                               cstackBANK0  00BF
main@Ya                               cstackBANK0  00C2
main@Za                               cstackBANK0  00C5
main@Ax                               cstackBANK0  00C8
main@Ay                               cstackBANK0  00CA
main@Az                               cstackBANK0  00CC
main@T                                cstackBANK0  00CE
main@Gx                               cstackBANK0  00D0
main@Gy                               cstackBANK0  00D2
main@Gz                               cstackBANK0  00D4
__Hspace_1                            (abs)        00D6
__S1                                  (abs)        00D6
__Hramtop                             ramtop       0800
__Lramtop                             ramtop       0800
__Lsmallconst                         smallconst   0800
__psmallconst                         smallconst   0800
__ramtop                              ramtop       0800
__smallconst                          smallconst   0800
_dpowers                              smallconst   0801
__end_of_dpowers                      smallconst   0829
__powers_                             smallconst   0829
__end_of__powers_                     smallconst   0850
__npowers_                            smallconst   0850
__end_of__npowers_                    smallconst   0877
__Hsmallconst                         smallconst   08A4
__ptext1                              text1        08A4
_sprintf                              text1        08A4
_PORTA                                (abs)        0F80
_PORTD                                (abs)        0F83
_PORTDbits                            (abs)        0F83
_TRISAbits                            (abs)        0F92
_TRISD                                (abs)        0F95
_TRISDbits                            (abs)        0F95
_PIE1bits                             (abs)        0F9D
_PIR1bits                             (abs)        0F9E
__end_of_sprintf                      text1        0FAC
__ptext2                              text2        0FAC
_scale                                text2        0FAC
_ADCON2bits                           (abs)        0FC0
_ADCON1bits                           (abs)        0FC1
_ADCON0                               (abs)        0FC2
_ADCON0bits                           (abs)        0FC2
_SSPCON2                              (abs)        0FC5
_SSPCON2bits                          (abs)        0FC5
_SSPCON1                              (abs)        0FC6
_SSPSTAT                              (abs)        0FC7
_SSPSTATbits                          (abs)        0FC7
_SSPADD                               (abs)        0FC8
_SSPBUF                               (abs)        0FC9
_OSCCON                               (abs)        0FD3
_T0CONbits                            (abs)        0FD5
_TMR0L                                (abs)        0FD6
_INTCONbits                           (abs)        0FF2
__end_of_scale                        text2        13B4
__ptext0                              text0        13B4
_main                                 text0        13B4
__end_of_main                         text0        16A4
__ptext4                              text4        16A4
_fround                               text4        16A4
___ftadd                              text16       18F6
__end_of_fround                       text4        18F6
__ptext16                             text16       18F6
__end_of___ftadd                      text16       1AA2
__ptext9                              text9        1AA2
__tdiv_to_l_                          text9        1AA2
__div_to_l_                           text10       1BD4
__end_of__tdiv_to_l_                  text9        1BD4
__ptext10                             text10       1BD4
___ftmul                              text6        1CFC
__end_of__div_to_l_                   text10       1CFC
__ptext6                              text6        1CFC
___fttol                              text14       1DF0
__end_of___ftmul                      text6        1DF0
__ptext14                             text14       1DF0
___ftdiv                              text20       1EE4
__end_of___fttol                      text14       1EE4
__ptext20                             text20       1EE4
___ftpack                             text22       1FCA
__end_of___ftdiv                      text20       1FCA
__ptext22                             text22       1FCA
___ftge                               text18       2078
__end_of___ftpack                     text22       2078
__ptext18                             text18       2078
___awdiv                              text8        2108
__end_of___ftge                       text18       2108
__ptext8                              text8        2108
___lldiv                              text13       218C
__end_of___awdiv                      text8        218C
__ptext13                             text13       218C
___awmod                              text7        220E
__end_of___lldiv                      text13       220E
__ptext7                              text7        220E
___llmod                              text12       227E
__end_of___awmod                      text7        227E
__ptext12                             text12       227E
__end_of___llmod                      text12       22E4
__ptext19                             text19       22E4
_configBoard                          text19       22E4
___lltoft                             text11       2344
__end_of_configBoard                  text19       2344
__ptext11                             text11       2344
___ftsub                              text15       23A0
__end_of___lltoft                     text11       23A0
__ptext15                             text15       23A0
___awtoft                             text21       23E0
__end_of___ftsub                      text15       23E0
__ptext21                             text21       23E0
___wmul                               text5        2418
__end_of___awtoft                     text21       2418
__ptext5                              text5        2418
___ftneg                              text17       243E
__end_of___wmul                       text5        243E
__ptext17                             text17       243E
_I2C_Read                             text23       2462
__end_of___ftneg                      text17       2462
__ptext23                             text23       2462
__end_of_I2C_Read                     text23       2486
__ptext3                              text3        2486
_isdigit                              text3        2486
_I2C_Start_Wait                       text27       24A4
__end_of_isdigit                      text3        24A4
__ptext27                             text27       24A4
_I2C_Repeated_Start                   text29       24C2
__end_of_I2C_Start_Wait               text27       24C2
__ptext29                             text29       24C2
_I2C_Write                            text30       24D8
__end_of_I2C_Repeated_Start           text29       24D8
__ptext30                             text30       24D8
_Acelerometro_Start                   text26       24EE
__end_of_I2C_Write                    text30       24EE
__ptext26                             text26       24EE
_I2C_Stop                             text28       2502
__end_of_Acelerometro_Start           text26       2502
__ptext28                             text28       2502
__end_of_I2C_Stop                     text28       250E
__end_of__initialization              cinit        250E
__initialization                      cinit        250E
__pcinit                              cinit        250E
_I2C_Nack                             text24       2518
__ptext24                             text24       2518
_I2C_Ack                              text25       2522
__end_of_I2C_Nack                     text24       2522
__ptext25                             text25       2522
_I2C_Ready                            text31       252C
__end_of_I2C_Ack                      text25       252C
__ptext31                             text31       252C
__Hspace_0                            (abs)        2534
__S0                                  (abs)        2534
__end_of_I2C_Ready                    text31       2534
_TRISB0                               (abs)        7C98
_TRISB1                               (abs)        7C99
_SSPIE                                (abs)        7CEB
_SSPIF                                (abs)        7CF3
_RCIF                                 (abs)        7CF5
_RSEN                                 (abs)        7E29
_PEN                                  (abs)        7E2A
_RCEN                                 (abs)        7E2B
_ACKEN                                (abs)        7E2C
_ACKDT                                (abs)        7E2D
_ACKSTAT                              (abs)        7E2E
_T08BIT                               (abs)        7EAE
_TMR0ON                               (abs)        7EAF
_TMR0IF                               (abs)        7F92
end_of_initialization                 cinit        250E
start_initialization                  cinit        250E
