Microchip MPLAB XC8 Compiler V1.45 ()

Linker command line:

-W-3 --edf=C:\Program Files (x86)\Microchip\xc8\v1.45\dat\en_msgs.txt -cs \
  -h+dist/default/production\ADC_LCDb.X.production.sym \
  --cmf=dist/default/production\ADC_LCDb.X.production.cmf -z -w9 \
  --disl=596:off --norlf -Q18F4550 \
  -oC:\Users\ADMINI~1\AppData\Local\Temp\s54o.2 \
  -Mdist/default/production/ADC_LCDb.X.production.map -E1 -ver=XC8 \
  -ACODE=00h-07FFFh -ACONST=00h-07FFFh -ASMALLCONST=0800h-08FFhx120 \
  -AMEDIUMCONST=0800h-07FFFh -ACOMRAM=01h-05Fh -AABS1=00h-07FFh \
  -ABIGRAM=01h-07FFh -ARAM=060h-0FFh,0100h-01FFhx7 -ABANK0=060h-0FFh \
  -ABANK1=0100h-01FFh -ABANK2=0200h-02FFh -ABANK3=0300h-03FFh \
  -ABANK4=0400h-04FFh -ABANK5=0500h-05FFh -ABANK6=0600h-06FFh \
  -ABANK7=0700h-07FFh -ASFR=0F60h-0FFFh \
  -preset_vec=00h,intcode,intcodelo,powerup,init -pramtop=0800h \
  -psmallconst=SMALLCONST -pmediumconst=MEDIUMCONST -pconst=CONST \
  -AFARRAM=00h-00h -ACONFIG=0300000h-030000Dh -pconfig=CONFIG \
  -AIDLOC=0200000h-0200007h -pidloc=IDLOC -AEEDATA=0F00000h-0F000FFh \
  -peeprom_data=EEDATA \
  -prdata=COMRAM,nvrram=COMRAM,nvbit=COMRAM,rbss=COMRAM,rbit=COMRAM \
  -pfarbss=FARRAM,fardata=FARRAM,nvFARRAM=FARRAM \
  -pintsave_regs=BIGRAM,bigbss=BIGRAM,bigdata=BIGRAM -pbss=RAM \
  -pidata=CODE,irdata=CODE,ibigdata=CODE,ifardata=CODE \
  C:\Users\ADMINI~1\AppData\Local\Temp\s54o.obj \
  dist/default/production\ADC_LCDb.X.production.obj 

Object code version is 3.11

Machine type is 18F4550

Call graph: (short form)




                Name                               Link     Load   Length Selector   Space Scale
C:\Users\ADMINI~1\AppData\Local\Temp\s54o.obj
                init                                  6        6        4        0       0
dist/default/production\ADC_LCDb.X.production.obj
                intcode                               0        0        6        0       0
                temp                                 4D       4D        1        1       1
                smallconst                          800      800       84      400       0
                intcode_body                       2234     2234       CE      442       0
                text32                             23B2     23B2       AE      442       0
                text31                             2968     2968       24      442       0
                text30                             2302     2302       B0      442       0
                text29                             28B6     28B6       38      442       0
                text28                             1F96     1F96       E8      442       0
                text27                             1DAA     1DAA       F8      442       0
                text26                             2164     2164       D0      442       0
                text25                             298C     298C       22      442       0
                text24                             2748     2748       6A      442       0
                text23                             207E     207E       E6      442       0
                text22                             29EA     29EA       1E      442       0
                text21                             26DC     26DC       6C      442       0
                text20                             28EE     28EE       30      442       0
                text19                             29CC     29CC       1E      442       0
                text18                             25F6     25F6       76      442       0
                text17                             2460     2460       90      442       0
                text16                             2944     2944       24      442       0
                text15                             1832     1832      1AE      442       0
                text14                             2874     2874       42      442       0
                text13                             2574     2574       82      442       0
                text12                             27B2     27B2       66      442       0
                text11                             2818     2818       5C      442       0
                text10                             1C82     1C82      128      442       0
                text9                              1B50     1B50      132      442       0
                text8                              24F0     24F0       84      442       0
                text7                              266C     266C       70      442       0
                text6                              1EA2     1EA2       F4      442       0
                text5                              291E     291E       26      442       0
                text4                              15E0     15E0      252      442       0
                text3                              29AE     29AE       1E      442       0
                text2                              11D8     11D8      408      442       0
                text1                               884      884      954      442       0
                text0                              19E0     19E0      170      442       0
                cstackCOMRAM                          1        1       42        1       1
                cstackBANK0                          60       60       43       60       1
                bssCOMRAM                            43       43        A        1       1
                cinit                              2A08     2A08       1A      442       0

TOTAL           Name                               Link     Load   Length     Space
        CLASS   CODE           
                intcode                               0        0        6         0
                init                                  6        6        4         0
                intcode_body                       2234     2234       CE         0
                text32                             23B2     23B2       AE         0
                text31                             2968     2968       24         0
                text30                             2302     2302       B0         0
                text29                             28B6     28B6       38         0
                text28                             1F96     1F96       E8         0
                text27                             1DAA     1DAA       F8         0
                text26                             2164     2164       D0         0
                text25                             298C     298C       22         0
                text24                             2748     2748       6A         0
                text23                             207E     207E       E6         0
                text22                             29EA     29EA       1E         0
                text21                             26DC     26DC       6C         0
                text20                             28EE     28EE       30         0
                text19                             29CC     29CC       1E         0
                text18                             25F6     25F6       76         0
                text17                             2460     2460       90         0
                text16                             2944     2944       24         0
                text15                             1832     1832      1AE         0
                text14                             2874     2874       42         0
                text13                             2574     2574       82         0
                text12                             27B2     27B2       66         0
                text11                             2818     2818       5C         0
                text10                             1C82     1C82      128         0
                text9                              1B50     1B50      132         0
                text8                              24F0     24F0       84         0
                text7                              266C     266C       70         0
                text6                              1EA2     1EA2       F4         0
                text5                              291E     291E       26         0
                text4                              15E0     15E0      252         0
                text3                              29AE     29AE       1E         0
                text2                              11D8     11D8      408         0
                text1                               884      884      954         0
                text0                              19E0     19E0      170         0
                cinit                              2A08     2A08       1A         0

        CLASS   CONST          

        CLASS   SMALLCONST     
                smallconst                          800      800       84         0

        CLASS   MEDIUMCONST    

        CLASS   COMRAM         
                temp                                 4D       4D        1         1
                cstackCOMRAM                          1        1       42         1
                bssCOMRAM                            43       43        A         1

        CLASS   ABS1           

        CLASS   BIGRAM         

        CLASS   RAM            

        CLASS   BANK0          
                cstackBANK0                          60       60       43         1

        CLASS   BANK1          

        CLASS   BANK2          

        CLASS   BANK3          

        CLASS   BANK4          

        CLASS   BANK5          

        CLASS   BANK6          

        CLASS   BANK7          

        CLASS   SFR            

        CLASS   FARRAM         

        CLASS   CONFIG         

        CLASS   IDLOC          

        CLASS   EEDATA         

        CLASS   STACK          



SEGMENTS        Name                           Load    Length   Top    Selector   Space  Class

                reset_vec                      000000  00000A  00000A         0       0  CODE    
                cstackCOMRAM                   000001  00004D  00004E         1       1  COMRAM  
                cstackBANK0                    000060  000043  0000A3        60       1  BANK0   
                smallconst                     000800  000084  000884       400       0  SMALLCON
                text1                          000884  00219E  002A22       442       0  CODE    


UNUSED ADDRESS RANGES

        Name                Unused          Largest block    Delta
        BANK0            00A3-00FF             5D
        BANK1            0100-01FF            100
        BANK2            0200-02FF            100
        BANK3            0300-03FF            100
        BANK4            0400-04FF            100
        BANK5            0500-05FF            100
        BANK6            0600-06FF            100
        BANK7            0700-07FF            100
        BIGRAM           004E-005F             12
                         00A3-07FF            75D
        CODE             000A-07FF            7F6
                         2A22-7FFF           55DE
        COMRAM           004E-005F             12
        CONFIG           300000-30000D              E
        CONST            000A-07FF            7F6
                         2A22-7FFF           55DE
        EEDATA           F00000-F000FF            100
        IDLOC            200000-200007              8
        MEDIUMCONST      2A22-7FFF           55DE
        RAM              00A3-07FF            100
        SFR              0F60-0FFF             A0
        SMALLCONST       2A22-7FFF            100

                                  Symbol Table

_ADC_Read                                 
_ADCint                  intcode      0000
__CFG_BORV$3             (abs)        0000
__CFG_CPB$OFF            (abs)        0000
__CFG_CPD$OFF            (abs)        0000
__CFG_CPUDIV$OSC1_PLL2   (abs)        0000
__CFG_FCMEN$OFF          (abs)        0000
__CFG_FOSC$HSPLL_HS      (abs)        0000
__CFG_LVP$OFF            (abs)        0000
__CFG_MCLRE$ON           (abs)        0000
__CFG_PLLDIV$1           (abs)        0000
__CFG_USBDIV$2           (abs)        0000
__CFG_WDT$OFF            (abs)        0000
__HRAM                   (abs)        0000
__Habs1                  abs1         0000
__Hbank0                 bank0        0000
__Hbank1                 bank1        0000
__Hbank2                 bank2        0000
__Hbank3                 bank3        0000
__Hbank4                 bank4        0000
__Hbank5                 bank5        0000
__Hbank6                 bank6        0000
__Hbank7                 bank7        0000
__Hbigbss                bigbss       0000
__Hbigdata               bigdata      0000
__Hbigram                bigram       0000
__Hbss                   bss          0000
__HbssCOMRAM             bssCOMRAM    0000
__Hcinit                 cinit        0000
__Hclrtext               clrtext      0000
__Hcomram                comram       0000
__Hconfig                config       0000
__Hconst                 const        0000
__HcstackBANK0           cstackBANK0  0000
__HcstackCOMRAM          cstackCOMRAM 0000
__Hdata                  data         0000
__Heeprom_data           eeprom_data  0000
__Hfarbss                farbss       0000
__Hfardata               fardata      0000
__Hibigdata              ibigdata     0000
__Hidata                 idata        0000
__Hidloc                 idloc        0000
__Hifardata              ifardata     0000
__Hintcode_body          intcode_body 0000
__Hintentry              intentry     0000
__Hintret                intret       0000
__Hintsave_regs          intsave_regs 0000
__Hirdata                irdata       0000
__Hmediumconst           mediumconst  0000
__HnvFARRAM              nvFARRAM     0000
__Hnvbit                 nvbit        0000
__Hnvrram                nvrram       0000
__Hparam                 rparam       0000
__Hram                   ram          0000
__Hrbit                  rbit         0000
__Hrbss                  rbss         0000
__Hrdata                 rdata        0000
__Hreset_vec             reset_vec    0000
__Hrparam                rparam       0000
__Hsfr                   sfr          0000
__Hspace_2               (abs)        0000
__Hstack                 stack        0000
__Hstruct                struct       0000
__Htext                  text         0000
__Htext0                 text0        0000
__Htext1                 text1        0000
__Htext10                text10       0000
__Htext11                text11       0000
__Htext12                text12       0000
__Htext13                text13       0000
__Htext14                text14       0000
__Htext15                text15       0000
__Htext16                text16       0000
__Htext17                text17       0000
__Htext18                text18       0000
__Htext19                text19       0000
__Htext2                 text2        0000
__Htext20                text20       0000
__Htext21                text21       0000
__Htext22                text22       0000
__Htext23                text23       0000
__Htext24                text24       0000
__Htext25                text25       0000
__Htext26                text26       0000
__Htext27                text27       0000
__Htext28                text28       0000
__Htext29                text29       0000
__Htext3                 text3        0000
__Htext30                text30       0000
__Htext31                text31       0000
__Htext32                text32       0000
__Htext4                 text4        0000
__Htext5                 text5        0000
__Htext6                 text6        0000
__Htext7                 text7        0000
__Htext8                 text8        0000
__Htext9                 text9        0000
__Labs1                  abs1         0000
__Lbank0                 bank0        0000
__Lbank1                 bank1        0000
__Lbank2                 bank2        0000
__Lbank3                 bank3        0000
__Lbank4                 bank4        0000
__Lbank5                 bank5        0000
__Lbank6                 bank6        0000
__Lbank7                 bank7        0000
__Lbigbss                bigbss       0000
__Lbigdata               bigdata      0000
__Lbigram                bigram       0000
__Lbss                   bss          0000
__LbssCOMRAM             bssCOMRAM    0000
__Lcinit                 cinit        0000
__Lclrtext               clrtext      0000
__Lcomram                comram       0000
__Lconfig                config       0000
__Lconst                 const        0000
__LcstackBANK0           cstackBANK0  0000
__LcstackCOMRAM          cstackCOMRAM 0000
__Ldata                  data         0000
__Leeprom_data           eeprom_data  0000
__Lfarbss                farbss       0000
__Lfardata               fardata      0000
__Libigdata              ibigdata     0000
__Lidata                 idata        0000
__Lidloc                 idloc        0000
__Lifardata              ifardata     0000
__Lintcode               intcode      0000
__Lintcode_body          intcode_body 0000
__Lintentry              intentry     0000
__Lintret                intret       0000
__Lintsave_regs          intsave_regs 0000
__Lirdata                irdata       0000
__Lmediumconst           mediumconst  0000
__LnvFARRAM              nvFARRAM     0000
__Lnvbit                 nvbit        0000
__Lnvrram                nvrram       0000
__Lparam                 rparam       0000
__Lram                   ram          0000
__Lrbit                  rbit         0000
__Lrbss                  rbss         0000
__Lrdata                 rdata        0000
__Lreset_vec             reset_vec    0000
__Lrparam                rparam       0000
__Lsfr                   sfr          0000
__Lspace_0               (abs)        0000
__Lspace_1               (abs)        0000
__Lspace_2               (abs)        0000
__Lstack                 stack        0000
__Lstruct                struct       0000
__Ltext                  text         0000
__Ltext0                 text0        0000
__Ltext1                 text1        0000
__Ltext10                text10       0000
__Ltext11                text11       0000
__Ltext12                text12       0000
__Ltext13                text13       0000
__Ltext14                text14       0000
__Ltext15                text15       0000
__Ltext16                text16       0000
__Ltext17                text17       0000
__Ltext18                text18       0000
__Ltext19                text19       0000
__Ltext2                 text2        0000
__Ltext20                text20       0000
__Ltext21                text21       0000
__Ltext22                text22       0000
__Ltext23                text23       0000
__Ltext24                text24       0000
__Ltext25                text25       0000
__Ltext26                text26       0000
__Ltext27                text27       0000
__Ltext28                text28       0000
__Ltext29                text29       0000
__Ltext3                 text3        0000
__Ltext30                text30       0000
__Ltext31                text31       0000
__Ltext32                text32       0000
__Ltext4                 text4        0000
__Ltext5                 text5        0000
__Ltext6                 text6        0000
__Ltext7                 text7        0000
__Ltext8                 text8        0000
__Ltext9                 text9        0000
___inthi_sp              stack        0000
___intlo_sp              stack        0000
___param_bank            (abs)        0000
___sp                    stack        0000
__mediumconst            mediumconst  0000
__pintcode               intcode      0000
__size_of_ADCint         (abs)        0000
__size_of___awdiv        (abs)        0000
__size_of___awmod        (abs)        0000
__size_of___awtoft       (abs)        0000
__size_of___ftadd        (abs)        0000
__size_of___ftdiv        (abs)        0000
__size_of___ftge         (abs)        0000
__size_of___ftmul        (abs)        0000
__size_of___ftneg        (abs)        0000
__size_of___ftpack       (abs)        0000
__size_of___ftsub        (abs)        0000
__size_of___fttol        (abs)        0000
__size_of___lldiv        (abs)        0000
__size_of___llmod        (abs)        0000
__size_of___lltoft       (abs)        0000
__size_of___lwtoft       (abs)        0000
__size_of___wmul         (abs)        0000
__size_of__div_to_l_     (abs)        0000
__size_of__tdiv_to_l_    (abs)        0000
__size_of_configBoard    (abs)        0000
__size_of_fround         (abs)        0000
__size_of_isdigit        (abs)        0000
__size_of_lcd_caracter   (abs)        0000
__size_of_lcd_iniciar    (abs)        0000
__size_of_lcd_limpiar    (abs)        0000
__size_of_lcd_orden      (abs)        0000
__size_of_lcd_origen     (abs)        0000
__size_of_lcd_pulso      (abs)        0000
__size_of_lcd_texto      (abs)        0000
__size_of_lcd_ubicarXY   (abs)        0000
__size_of_main           (abs)        0000
__size_of_scale          (abs)        0000
__size_of_sprintf        (abs)        0000
__size_of_wait_in_ms     (abs)        0000
intlevel0                text         0000
intlevel1                text         0000
intlevel2                text         0000
intlevel3                text         0000
?_ADC_Read               cstackCOMRAM 0001
__LRAM                   (abs)        0001
___rparam_used           (abs)        0001
__pcstackCOMRAM          cstackCOMRAM 0001
__activetblptr           (abs)        0002
__Hintcode               intcode      0006
__Hintcodelo             intcodelo    0006
__Hpowerup               powerup      0006
__Linit                  init         0006
__Lintcodelo             intcodelo    0006
__Lpowerup               powerup      0006
__Hinit                  init         000A
?___awmod                cstackCOMRAM 0013
?___ftneg                cstackCOMRAM 0013
?___ftpack               cstackCOMRAM 0013
?___lldiv                cstackCOMRAM 0013
?___llmod                cstackCOMRAM 0013
?__div_to_l_             cstackCOMRAM 0013
?__tdiv_to_l_            cstackCOMRAM 0013
___awmod@dividend        cstackCOMRAM 0013
___ftge@ff1              cstackCOMRAM 0013
___ftneg@f1              cstackCOMRAM 0013
___ftpack@arg            cstackCOMRAM 0013
___lldiv@dividend        cstackCOMRAM 0013
___llmod@dividend        cstackCOMRAM 0013
__div_to_l_@f1           cstackCOMRAM 0013
__tdiv_to_l_@f1          cstackCOMRAM 0013
_isdigit$1222            cstackCOMRAM 0014
___awmod@divisor         cstackCOMRAM 0015
isdigit@c                cstackCOMRAM 0015
___ftge@ff2              cstackCOMRAM 0016
___ftpack@exp            cstackCOMRAM 0016
__div_to_l_@f2           cstackCOMRAM 0016
__tdiv_to_l_@f2          cstackCOMRAM 0016
___awmod@counter         cstackCOMRAM 0017
___ftpack@sign           cstackCOMRAM 0017
___lldiv@divisor         cstackCOMRAM 0017
___llmod@divisor         cstackCOMRAM 0017
___awmod@sign            cstackCOMRAM 0018
?___awdiv                cstackCOMRAM 0019
___awdiv@dividend        cstackCOMRAM 0019
__div_to_l_@quot         cstackCOMRAM 0019
?___awtoft               cstackCOMRAM 001B
?___lltoft               cstackCOMRAM 001B
?___lwtoft               cstackCOMRAM 001B
___awdiv@divisor         cstackCOMRAM 001B
___awtoft@c              cstackCOMRAM 001B
___lldiv@quotient        cstackCOMRAM 001B
___llmod@counter         cstackCOMRAM 001B
___lltoft@c              cstackCOMRAM 001B
___lwtoft@c              cstackCOMRAM 001B
__tdiv_to_l_@quot        cstackCOMRAM 001C
___awdiv@counter         cstackCOMRAM 001D
__div_to_l_@cntr         cstackCOMRAM 001D
___awdiv@sign            cstackCOMRAM 001E
___awtoft@sign           cstackCOMRAM 001E
__div_to_l_@exp1         cstackCOMRAM 001E
___awdiv@quotient        cstackCOMRAM 001F
___lldiv@counter         cstackCOMRAM 001F
__tdiv_to_l_@cntr        cstackCOMRAM 0020
?___wmul                 cstackCOMRAM 0021
___wmul@multiplier       cstackCOMRAM 0021
__tdiv_to_l_@exp1        cstackCOMRAM 0021
___lltoft@exp            cstackCOMRAM 0023
___wmul@multiplicand     cstackCOMRAM 0023
___wmul@product          cstackCOMRAM 0025
?___ftmul                cstackCOMRAM 0027
___ftmul@f1              cstackCOMRAM 0027
___ftmul@f2              cstackCOMRAM 002A
___ftmul@exp             cstackCOMRAM 0030
___ftmul@f3_as_product   cstackCOMRAM 0031
___ftmul@cntr            cstackCOMRAM 0034
___ftmul@sign            cstackCOMRAM 0035
?___ftdiv                cstackCOMRAM 0036
?_fround                 cstackCOMRAM 0036
?_scale                  cstackCOMRAM 0036
___ftdiv@f1              cstackCOMRAM 0036
___ftdiv@f2              cstackCOMRAM 0039
_fround$1579             cstackCOMRAM 0039
_scale$1580              cstackCOMRAM 0039
_fround$1578             cstackCOMRAM 003C
?___fttol                cstackCOMRAM 003F
___fttol@f1              cstackCOMRAM 003F
fround@prec              cstackCOMRAM 003F
__pbssCOMRAM             bssCOMRAM    0043
_count                   bssCOMRAM    0043
_pir1flag                bssCOMRAM    0045
_int2flag                bssCOMRAM    0047
_int1flag                bssCOMRAM    0049
_int0flag                bssCOMRAM    004B
__Ltemp                  temp         004D
btemp                    temp         004D
int$flags                temp         004D
__Htemp                  temp         004E
?___ftadd                cstackBANK0  0060
___ftadd@f1              cstackBANK0  0060
___ftdiv@cntr            cstackBANK0  0060
__accesstop              (abs)        0060
__pcstackBANK0           cstackBANK0  0060
___ftdiv@f3              cstackBANK0  0061
___ftadd@f2              cstackBANK0  0063
___ftdiv@exp             cstackBANK0  0064
___ftdiv@sign            cstackBANK0  0065
___ftadd@sign            cstackBANK0  0066
___ftadd@exp2            cstackBANK0  0067
___ftadd@exp1            cstackBANK0  0068
?___ftsub                cstackBANK0  0069
___ftsub@f1              cstackBANK0  0069
___fttol@sign1           cstackBANK0  006B
___ftsub@f2              cstackBANK0  006C
___fttol@lval            cstackBANK0  006C
___fttol@exp1            cstackBANK0  0070
?_sprintf                cstackBANK0  0071
lcd_caracter@caracter    cstackBANK0  007B
lcd_orden@orden          cstackBANK0  007B
_sprintf$1581            cstackBANK0  007E
lcd_texto@cadena         cstackBANK0  0082
lcd_ubicarXY@columna     cstackBANK0  0082
lcd_ubicarXY@i           cstackBANK0  0088
lcd_ubicarXY@i_695       cstackBANK0  0089
lcd_ubicarXY@linea       cstackBANK0  008A
main@voltaje_an1         cstackBANK0  0097
main@an0                 cstackBANK0  009A
main@an1                 cstackBANK0  009C
main@voltaje_an0         cstackBANK0  009E
main@str                 cstackBANK0  00A1
__Hspace_1               (abs)        00A3
__S1                     (abs)        00A3
__Hramtop                ramtop       0800
__Lramtop                ramtop       0800
__Lsmallconst            smallconst   0800
__psmallconst            smallconst   0800
__ramtop                 ramtop       0800
__smallconst             smallconst   0800
_dpowers                 smallconst   0801
__end_of_dpowers         smallconst   0829
__powers_                smallconst   0829
__end_of__powers_        smallconst   0850
__npowers_               smallconst   0850
__end_of__npowers_       smallconst   0877
__Hsmallconst            smallconst   0884
__ptext1                 text1        0884
_sprintf                 text1        0884
_PORTA                   (abs)        0F80
_PORTAbits               (abs)        0F80
_PORTB                   (abs)        0F81
_PORTC                   (abs)        0F82
_PORTD                   (abs)        0F83
_PORTDbits               (abs)        0F83
_PORTE                   (abs)        0F84
_TRISA                   (abs)        0F92
_TRISAbits               (abs)        0F92
_TRISB                   (abs)        0F93
_TRISBbits               (abs)        0F93
_TRISC                   (abs)        0F94
_TRISD                   (abs)        0F95
_TRISDbits               (abs)        0F95
_TRISE                   (abs)        0F96
_PIE1bits                (abs)        0F9D
_PIR1bits                (abs)        0F9E
_ADCON2bits              (abs)        0FC0
_ADCON1bits              (abs)        0FC1
_ADCON0bits              (abs)        0FC2
_T0CONbits               (abs)        0FD5
_TMR0L                   (abs)        0FD6
_INTCON3bits             (abs)        0FF0
_INTCON2bits             (abs)        0FF1
_INTCONbits              (abs)        0FF2
__end_of_sprintf         text1        11D8
__ptext2                 text2        11D8
_scale                   text2        11D8
__end_of_scale           text2        15E0
__ptext4                 text4        15E0
_fround                  text4        15E0
___ftadd                 text15       1832
__end_of_fround          text4        1832
__ptext15                text15       1832
__end_of___ftadd         text15       19E0
__ptext0                 text0        19E0
_main                    text0        19E0
__end_of_main            text0        1B50
__ptext9                 text9        1B50
__tdiv_to_l_             text9        1B50
__div_to_l_              text10       1C82
__end_of__tdiv_to_l_     text9        1C82
__ptext10                text10       1C82
___fttol                 text27       1DAA
__end_of__div_to_l_      text10       1DAA
__ptext27                text27       1DAA
___ftmul                 text6        1EA2
__end_of___fttol         text27       1EA2
__ptext6                 text6        1EA2
___ftdiv                 text28       1F96
__end_of___ftmul         text6        1F96
__ptext28                text28       1F96
__end_of___ftdiv         text28       207E
__ptext23                text23       207E
_lcd_iniciar             text23       207E
__end_of_lcd_iniciar     text23       2164
__ptext26                text26       2164
_wait_in_ms              text26       2164
__end_of_wait_in_ms      text26       2234
__pintcode_body          intcode_body 2234
int_func                 intcode_body 2234
__end_of_ADCint          intcode_body 2302
__ptext30                text30       2302
_configBoard             text30       2302
___ftpack                text32       23B2
__end_of_configBoard     text30       23B2
__ptext32                text32       23B2
___ftge                  text17       2460
__end_of___ftpack        text32       2460
__ptext17                text17       2460
___awdiv                 text8        24F0
__end_of___ftge          text17       24F0
__ptext8                 text8        24F0
___lldiv                 text13       2574
__end_of___awdiv         text8        2574
__ptext13                text13       2574
__end_of___lldiv         text13       25F6
__ptext18                text18       25F6
_lcd_ubicarXY            text18       25F6
___awmod                 text7        266C
__end_of_lcd_ubicarXY    text18       266C
__ptext7                 text7        266C
__end_of___awmod         text7        26DC
__ptext21                text21       26DC
_lcd_caracter            text21       26DC
__end_of_lcd_caracter    text21       2748
__ptext24                text24       2748
_lcd_orden               text24       2748
___llmod                 text12       27B2
__end_of_lcd_orden       text24       27B2
__ptext12                text12       27B2
___lltoft                text11       2818
__end_of___llmod         text12       2818
__ptext11                text11       2818
___ftsub                 text14       2874
__end_of___lltoft        text11       2874
__ptext14                text14       2874
___awtoft                text29       28B6
__end_of___ftsub         text14       28B6
__ptext29                text29       28B6
__end_of___awtoft        text29       28EE
__ptext20                text20       28EE
_lcd_texto               text20       28EE
___wmul                  text5        291E
__end_of_lcd_texto       text20       291E
__ptext5                 text5        291E
___ftneg                 text16       2944
__end_of___wmul          text5        2944
__ptext16                text16       2944
___lwtoft                text31       2968
__end_of___ftneg         text16       2968
__ptext31                text31       2968
__end_of___lwtoft        text31       298C
__ptext25                text25       298C
_lcd_pulso               text25       298C
__end_of_lcd_pulso       text25       29AE
__ptext3                 text3        29AE
_isdigit                 text3        29AE
__end_of_isdigit         text3        29CC
__ptext19                text19       29CC
_lcd_origen              text19       29CC
__end_of_lcd_origen      text19       29EA
__ptext22                text22       29EA
_lcd_limpiar             text22       29EA
__end_of_lcd_limpiar     text22       2A08
__initialization         cinit        2A08
__pcinit                 cinit        2A08
__end_of__initialization cinit        2A14
__Hspace_0               (abs)        2A22
__S0                     (abs)        2A22
_IPEN                    (abs)        7E87
_T08BIT                  (abs)        7EAE
_TMR0ON                  (abs)        7EAF
_TMR0IF                  (abs)        7F92
end_of_initialization    cinit        2A14
stackhi                  (abs)        0000
stacklo                  (abs)        0000
start                    init         0006
scale@scl                cstackCOMRAM 003C
sprintf@sp               cstackBANK0  0071
sprintf@f                cstackBANK0  0073
sprintf@ap               cstackBANK0  0081
sprintf@val              cstackBANK0  0083
sprintf@tmpval           cstackBANK0  0087
sprintf@exp              cstackBANK0  008B
sprintf@flag             cstackBANK0  008D
sprintf@width            cstackBANK0  008F
sprintf@fval             cstackBANK0  0091
sprintf@prec             cstackBANK0  0094
sprintf@c                cstackBANK0  0096
start_initialization     cinit        2A08
wtemp6                   temp         004E
wait_in_ms@time_in_ms    cstackBANK0  0071
wait_in_ms@flag          cstackBANK0  0075
wait_in_ms@count         cstackBANK0  0077
wait_in_ms@count_ms      cstackBANK0  0079
