Microchip MPLAB XC8 Compiler V1.45 ()

Linker command line:

-W-3 --edf=C:\Program Files (x86)\Microchip\xc8\v1.45\dat\en_msgs.txt -cs \
  -h+dist/default/debug\comunicacio.X.debug.sym \
  --cmf=dist/default/debug\comunicacio.X.debug.cmf -z -Q18F4550 \
  -oC:\Users\ADMINI~1\AppData\Local\Temp\scsg.2 \
  -Mdist/default/debug/comunicacio.X.debug.map -E1 -ver=XC8 \
  -ASTACK=0400h-07ffh -pstack=STACK -ACODE=00h-07CFFh -ACONST=00h-07CFFh \
  -ASMALLCONST=0800h-08FFhx117 -AMEDIUMCONST=0800h-07CFFh -ACOMRAM=01h-05Fh \
  -AABS1=00h-03EEh,0400h-07FFh -ABIGRAM=01h-03EEh,0400h-07FFh \
  -ARAM=060h-0FFh,0100h-01FFhx2,0300h-03EEh,0400h-04FFhx4 -ABANK0=060h-0FFh \
  -ABANK1=0100h-01FFh -ABANK2=0200h-02FFh -ABANK3=0300h-03EEh \
  -ABANK4=0400h-04FFh -ABANK5=0500h-05FFh -ABANK6=0600h-06FFh \
  -ABANK7=0700h-07FFh \
  -ASFR=0F60h-0F9Bh,0F9Dh-0FD3h,0FD5h-0FDAh,0FE0h-0FE2h,0FE8h-0FEAh,0FF0h-0FFBh \
  -preset_vec=00h,intcode=08h,intcodelo,powerup,init -pramtop=0800h \
  -psmallconst=SMALLCONST -pmediumconst=MEDIUMCONST -pconst=CONST \
  -AFARRAM=00h-00h -ACONFIG=0300000h-030000Dh -pconfig=CONFIG \
  -AIDLOC=0200000h-0200007h -pidloc=IDLOC -AEEDATA=0F00000h-0F000FFh \
  -peeprom_data=EEDATA \
  -prdata=COMRAM,nvrram=COMRAM,nvbit=COMRAM,rbss=COMRAM,rbit=COMRAM \
  -pfarbss=FARRAM,fardata=FARRAM,nvFARRAM=FARRAM \
  -pintsave_regs=BIGRAM,bigbss=BIGRAM,bigdata=BIGRAM -pbss=RAM \
  -pidata=CODE,irdata=CODE,ibigdata=CODE,ifardata=CODE -prparam=COMRAM \
  C:\Users\ADMINI~1\AppData\Local\Temp\scsg.obj \
  dist/default/debug\comunicacio.X.debug.obj 

Object code version is 3.11

Machine type is 18F4550

Call graph: (short form)




                Name                               Link     Load   Length Selector   Space Scale
C:\Users\ADMINI~1\AppData\Local\Temp\scsg.obj
                init                                  E        E        4        4       0
                reset_vec                             0        0        6        0       0
                idloc                            200000   200000        8   200000       0
                config                           300000   300000        E   300000       0
dist/default/debug\comunicacio.X.debug.obj
                intcode                               8        8        6        4       0
                temp                                 42       42        1        1       1
                smallconst                          800      800        6      400       0
                text23                              EA6      EA6       A0      403       0
                intcode_body                        DFA      DFA       AC      403       0
                text21                             129E     129E       36      403       0
                text20                              D4C      D4C       AE      403       0
                text19                             105A     105A       7A      403       0
                text18                              806      806      1AE      403       0
                text17                              AAC      AAC       E8      403       0
                text16                              9B4      9B4       F8      403       0
                text15                              FDA      FDA       80      403       0
                text14                             13E2     13E2        C      403       0
                text13                             1360     1360       24      403       0
                text12                             10D4     10D4       70      403       0
                text11                             1266     1266       38      403       0
                text10                              C7A      C7A       D2      403       0
                text9                              1384     1384       22      403       0
                text8                              11B0     11B0       6A      403       0
                text7                               B94      B94       E6      403       0
                text6                              13C4     13C4       1E      403       0
                text5                              13A6     13A6       1E      403       0
                text4                              1144     1144       6C      403       0
                text3                              1304     1304       30      403       0
                text2                              1334     1334       2C      403       0
                text1                              121A     121A       4C      403       0
                text0                               F46      F46       94      403       0
                cstackCOMRAM                          1        1       2E        1       1
                cstackBANK0                          60       60       33       60       1
                dataCOMRAM                           41       41        1        1       1
                bssCOMRAM                            2F       2F       12        1       1
                cinit                              12D4     12D4       30      403       0
                idataCOMRAM                        13EE     13EE        1      403       0

TOTAL           Name                               Link     Load   Length     Space
        CLASS   STACK          

        CLASS   CODE           
                intcode                               8        8        6         0
                init                                  E        E        4         0
                reset_vec                             0        0        6         0
                text23                              EA6      EA6       A0         0
                intcode_body                        DFA      DFA       AC         0
                text21                             129E     129E       36         0
                text20                              D4C      D4C       AE         0
                text19                             105A     105A       7A         0
                text18                              806      806      1AE         0
                text17                              AAC      AAC       E8         0
                text16                              9B4      9B4       F8         0
                text15                              FDA      FDA       80         0
                text14                             13E2     13E2        C         0
                text13                             1360     1360       24         0
                text12                             10D4     10D4       70         0
                text11                             1266     1266       38         0
                text10                              C7A      C7A       D2         0
                text9                              1384     1384       22         0
                text8                              11B0     11B0       6A         0
                text7                               B94      B94       E6         0
                text6                              13C4     13C4       1E         0
                text5                              13A6     13A6       1E         0
                text4                              1144     1144       6C         0
                text3                              1304     1304       30         0
                text2                              1334     1334       2C         0
                text1                              121A     121A       4C         0
                text0                               F46      F46       94         0
                cinit                              12D4     12D4       30         0
                idataCOMRAM                        13EE     13EE        1         0

        CLASS   CONST          

        CLASS   SMALLCONST     
                smallconst                          800      800        6         0

        CLASS   MEDIUMCONST    

        CLASS   COMRAM         
                temp                                 42       42        1         1
                cstackCOMRAM                          1        1       2E         1
                dataCOMRAM                           41       41        1         1
                bssCOMRAM                            2F       2F       12         1

        CLASS   ABS1           

        CLASS   BIGRAM         

        CLASS   RAM            

        CLASS   BANK0          
                cstackBANK0                          60       60       33         1

        CLASS   BANK1          

        CLASS   BANK2          

        CLASS   BANK3          

        CLASS   BANK4          

        CLASS   BANK5          

        CLASS   BANK6          

        CLASS   BANK7          

        CLASS   SFR            

        CLASS   FARRAM         

        CLASS   CONFIG         
                config                           300000   300000        E         0

        CLASS   IDLOC          
                idloc                            200000   200000        8         0

        CLASS   EEDATA         



SEGMENTS        Name                           Load    Length   Top    Selector   Space  Class

                reset_vec                      000000  000006  000006         0       0  CODE    
                cstackCOMRAM                   000001  000042  000043         1       1  COMRAM  
                intcode                        000008  00000A  000012         4       0  CODE    
                cstackBANK0                    000060  000033  000093        60       1  BANK0   
                smallconst                     000800  000006  000806       400       0  SMALLCON
                text18                         000806  000BE9  0013EF       403       0  CODE    
                idloc                          200000  000008  200008    200000       0  IDLOC   
                config                         300000  00000E  30000E    300000       0  CONFIG  


UNUSED ADDRESS RANGES

        Name                Unused          Largest block    Delta
        BANK0            000093-0000FF               6D
        BANK1            000100-0001FF              100
        BANK2            000200-0002FF              100
        BANK3            000300-0003EE               EF
        BANK4            000400-0004FF              100
        BANK5            000500-0005FF              100
        BANK6            000600-0006FF              100
        BANK7            000700-0007FF              100
        BIGRAM           000043-00005F               1D
                         000093-0003EE              35C
                         000400-0007FF              400
        CODE             000006-000007                2
                         000012-0007FF              7EE
                         0013EF-007CFF             6911
        COMRAM           000043-00005F               1D
        CONST            000006-000007                2
                         000012-0007FF              7EE
                         0013EF-007CFF             6911
        EEDATA           F00000-F000FF              100
        MEDIUMCONST      0013EF-007CFF             6911
        RAM              000093-0003EE              100
                         000400-0007FF              100
        SFR              000F60-000F9B               3C
                         000F9D-000FD3               37
                         000FD5-000FDA                6
                         000FE0-000FE2                3
                         000FE8-000FEA                3
                         000FF0-000FFB                C
        SMALLCONST       0013EF-007CFF              100
        STACK            000400-0007FF              400

                                  Symbol Table

?___altoft                   cstackCOMRAM 000026
?___awtoft                   cstackCOMRAM 000026
?___ftadd                    cstackBANK0  000071
?___ftdiv                    cstackBANK0  000062
?___ftpack                   cstackCOMRAM 00001E
?___fttol                    cstackBANK0  000071
?_strcmp                     cstackCOMRAM 00001E
MSdelay@i                    cstackCOMRAM 000020
MSdelay@j                    cstackCOMRAM 000022
MSdelay@val                  cstackCOMRAM 00001E
USART_Init@baud_rate         cstackBANK0  000080
USART_Init@temp              cstackBANK0  000084
USART_SendString@out         cstackCOMRAM 00001F
USART_TransmitChar@out       cstackCOMRAM 00001E
USART_test@Input             cstackCOMRAM 000001
USART_test@i                 cstackCOMRAM 000009
USART_test@length            cstackCOMRAM 000003
USART_test@temp              cstackCOMRAM 00000B
_ADCON0                      (abs)        000FC2
_ADCON0bits                  (abs)        000FC2
_ADCON1bits                  (abs)        000FC1
_ADCON2bits                  (abs)        000FC0
_ADRESH                      (abs)        000FC4
_ADRESL                      (abs)        000FC3
_INTCONbits                  (abs)        000FF2
_MSdelay                     text21       00129E
_OSCCON                      (abs)        000FD3
_PIE1bits                    (abs)        000F9D
_PIR1bits                    (abs)        000F9E
_PORTA                       (abs)        000F80
_PORTCbits                   (abs)        000F82
_PORTD                       (abs)        000F83
_PORTDbits                   (abs)        000F83
_RCIF                        (abs)        007CF5
_RCREG                       (abs)        000FAE
_RCSTA                       (abs)        000FAB
_SPBRG                       (abs)        000FAF
_T08BIT                      (abs)        007EAE
_T0CONbits                   (abs)        000FD5
_TMR0IF                      (abs)        007F92
_TMR0L                       (abs)        000FD6
_TMR0ON                      (abs)        007EAF
_TRISA                       (abs)        000F92
_TRISAbits                   (abs)        000F92
_TRISB                       (abs)        000F93
_TRISC                       (abs)        000F94
_TRISC6                      (abs)        007CA6
_TRISC7                      (abs)        007CA7
_TRISD                       (abs)        000F95
_TRISDbits                   (abs)        000F95
_TXIF                        (abs)        007CF4
_TXREG                       (abs)        000FAD
_TXSTA                       (abs)        000FAC
_USART_Init                  text15       000FDA
_USART_SendString            text13       001360
_USART_TransmitChar          text14       0013E2
_USART_test                  text23       000EA6
__CFG_BORV$3                 (abs)        000000
__CFG_CPUDIV$OSC1_PLL2       (abs)        000000
__CFG_FCMEN$OFF              (abs)        000000
__CFG_FOSC$HSPLL_HS          (abs)        000000
__CFG_LVP$OFF                (abs)        000000
__CFG_MCLRE$ON               (abs)        000000
__CFG_PLLDIV$2               (abs)        000000
__CFG_WDT$OFF                (abs)        000000
__HRAM                       (abs)        000000
__Habs1                      abs1         000000
__Hbank0                     bank0        000000
__Hbank1                     bank1        000000
__Hbank2                     bank2        000000
__Hbank3                     bank3        000000
__Hbank4                     bank4        000000
__Hbank5                     bank5        000000
__Hbank6                     bank6        000000
__Hbank7                     bank7        000000
__Hbigbss                    bigbss       000000
__Hbigdata                   bigdata      000000
__Hbigram                    bigram       000000
__Hbss                       bss          000000
__HbssCOMRAM                 bssCOMRAM    000000
__Hcinit                     cinit        000000
__Hclrtext                   clrtext      000000
__Hcomram                    comram       000000
__Hconfig                    config       30000E
__Hconst                     const        000000
__HcstackBANK0               cstackBANK0  000000
__HcstackCOMRAM              cstackCOMRAM 000000
__Hdata                      data         000000
__HdataCOMRAM                dataCOMRAM   000000
__Heeprom_data               eeprom_data  000000
__Hfarbss                    farbss       000000
__Hfardata                   fardata      000000
__Hibigdata                  ibigdata     000000
__Hidata                     idata        000000
__HidataCOMRAM               idataCOMRAM  000000
__Hidloc                     idloc        200008
__Hifardata                  ifardata     000000
__Hinit                      init         000012
__Hintcode                   intcode      00000E
__Hintcode_body              intcode_body 000000
__Hintcodelo                 intcodelo    00000E
__Hintentry                  intentry     000000
__Hintret                    intret       000000
__Hintsave_regs              intsave_regs 000000
__Hirdata                    irdata       000000
__Hmediumconst               mediumconst  000000
__HnvFARRAM                  nvFARRAM     000000
__Hnvbit                     nvbit        000000
__Hnvrram                    nvrram       000000
__Hparam                     rparam       000000
__Hpowerup                   powerup      00000E
__Hram                       ram          000000
__Hramtop                    ramtop       000800
__Hrbit                      rbit         000000
__Hrbss                      rbss         000000
__Hrdata                     rdata        000000
__Hreset_vec                 reset_vec    000006
__Hrparam                    rparam       000000
__Hsfr                       sfr          000000
__Hsmallconst                smallconst   000806
__Hspace_0                   (abs)        30000E
__Hspace_1                   (abs)        000093
__Hspace_2                   (abs)        000000
__Hstack                     stack        000000
__Hstruct                    struct       000000
__Htemp                      temp         000043
__Htext                      text         000000
__Htext0                     text0        000000
__Htext1                     text1        000000
__Htext10                    text10       000000
__Htext11                    text11       000000
__Htext12                    text12       000000
__Htext13                    text13       000000
__Htext14                    text14       000000
__Htext15                    text15       000000
__Htext16                    text16       000000
__Htext17                    text17       000000
__Htext18                    text18       000000
__Htext19                    text19       000000
__Htext2                     text2        000000
__Htext20                    text20       000000
__Htext21                    text21       000000
__Htext23                    text23       000000
__Htext3                     text3        000000
__Htext4                     text4        000000
__Htext5                     text5        000000
__Htext6                     text6        000000
__Htext7                     text7        000000
__Htext8                     text8        000000
__Htext9                     text9        000000
__LRAM                       (abs)        000001
__Labs1                      abs1         000000
__Lbank0                     bank0        000000
__Lbank1                     bank1        000000
__Lbank2                     bank2        000000
__Lbank3                     bank3        000000
__Lbank4                     bank4        000000
__Lbank5                     bank5        000000
__Lbank6                     bank6        000000
__Lbank7                     bank7        000000
__Lbigbss                    bigbss       000000
__Lbigdata                   bigdata      000000
__Lbigram                    bigram       000000
__Lbss                       bss          000000
__LbssCOMRAM                 bssCOMRAM    000000
__Lcinit                     cinit        000000
__Lclrtext                   clrtext      000000
__Lcomram                    comram       000000
__Lconfig                    config       300000
__Lconst                     const        000000
__LcstackBANK0               cstackBANK0  000000
__LcstackCOMRAM              cstackCOMRAM 000000
__Ldata                      data         000000
__LdataCOMRAM                dataCOMRAM   000000
__Leeprom_data               eeprom_data  000000
__Lfarbss                    farbss       000000
__Lfardata                   fardata      000000
__Libigdata                  ibigdata     000000
__Lidata                     idata        000000
__LidataCOMRAM               idataCOMRAM  000000
__Lidloc                     idloc        200000
__Lifardata                  ifardata     000000
__Linit                      init         00000E
__Lintcode                   intcode      000008
__Lintcode_body              intcode_body 000000
__Lintcodelo                 intcodelo    00000E
__Lintentry                  intentry     000000
__Lintret                    intret       000000
__Lintsave_regs              intsave_regs 000000
__Lirdata                    irdata       000000
__Lmediumconst               mediumconst  000000
__LnvFARRAM                  nvFARRAM     000000
__Lnvbit                     nvbit        000000
__Lnvrram                    nvrram       000000
__Lparam                     rparam       000000
__Lpowerup                   powerup      00000E
__Lram                       ram          000000
__Lramtop                    ramtop       000800
__Lrbit                      rbit         000000
__Lrbss                      rbss         000000
__Lrdata                     rdata        000000
__Lreset_vec                 reset_vec    000000
__Lrparam                    rparam       000000
__Lsfr                       sfr          000000
__Lsmallconst                smallconst   000800
__Lspace_0                   (abs)        000000
__Lspace_1                   (abs)        000000
__Lspace_2                   (abs)        000000
__Lstack                     stack        000000
__Lstruct                    struct       000000
__Ltemp                      temp         000042
__Ltext                      text         000000
__Ltext0                     text0        000000
__Ltext1                     text1        000000
__Ltext10                    text10       000000
__Ltext11                    text11       000000
__Ltext12                    text12       000000
__Ltext13                    text13       000000
__Ltext14                    text14       000000
__Ltext15                    text15       000000
__Ltext16                    text16       000000
__Ltext17                    text17       000000
__Ltext18                    text18       000000
__Ltext19                    text19       000000
__Ltext2                     text2        000000
__Ltext20                    text20       000000
__Ltext21                    text21       000000
__Ltext23                    text23       000000
__Ltext3                     text3        000000
__Ltext4                     text4        000000
__Ltext5                     text5        000000
__Ltext6                     text6        000000
__Ltext7                     text7        000000
__Ltext8                     text8        000000
__Ltext9                     text9        000000
__S0                         (abs)        30000E
__S1                         (abs)        000093
__S2                         (abs)        000000
___altoft                    text19       00105A
___altoft@c                  cstackCOMRAM 000026
___altoft@exp                cstackBANK0  000060
___altoft@sign               cstackBANK0  000061
___awtoft                    text11       001266
___awtoft@c                  cstackCOMRAM 000026
___awtoft@sign               cstackCOMRAM 000029
___ftadd                     text18       000806
___ftadd@exp1                cstackBANK0  00007C
___ftadd@exp2                cstackBANK0  00007B
___ftadd@f1                  cstackBANK0  000071
___ftadd@f2                  cstackBANK0  000074
___ftadd@sign                cstackBANK0  00007A
___ftdiv                     text17       000AAC
___ftdiv@cntr                cstackBANK0  00006B
___ftdiv@exp                 cstackBANK0  00006F
___ftdiv@f1                  cstackBANK0  000062
___ftdiv@f2                  cstackBANK0  000065
___ftdiv@f3                  cstackBANK0  00006C
___ftdiv@sign                cstackBANK0  000070
___ftpack                    text20       000D4C
___ftpack@arg                cstackCOMRAM 00001E
___ftpack@exp                cstackCOMRAM 000021
___ftpack@sign               cstackCOMRAM 000022
___fttol                     text16       0009B4
___fttol@exp1                cstackBANK0  00007F
___fttol@f1                  cstackBANK0  000071
___fttol@lval                cstackBANK0  00007B
___fttol@sign1               cstackBANK0  00007A
___inthi_sp                  stack        000000
___intlo_sp                  stack        000000
___param_bank                (abs)        000000
___rparam_used               (abs)        000001
___sp                        stack        000000
__accesstop                  (abs)        000060
__activetblptr               (abs)        000001
__end_of_MSdelay             text21       0012D4
__end_of_USART_Init          text15       00105A
__end_of_USART_SendString    text13       001384
__end_of_USART_TransmitChar  text14       0013EE
__end_of_USART_test          text23       000F46
__end_of___altoft            text19       0010D4
__end_of___awtoft            text11       00129E
__end_of___ftadd             text18       0009B4
__end_of___ftdiv             text17       000B94
__end_of___ftpack            text20       000DFA
__end_of___fttol             text16       000AAC
__end_of__initialization     cinit        0012F2
__end_of_configBoard         text12       001144
__end_of_interrupcion        intcode_body 000EA6
__end_of_lcd_caracter        text4        0011B0
__end_of_lcd_iniciar         text7        000C7A
__end_of_lcd_limpiar         text6        0013E2
__end_of_lcd_orden           text8        00121A
__end_of_lcd_origen          text5        0013C4
__end_of_lcd_pulso           text9        0013A6
__end_of_lcd_texto           text3        001334
__end_of_main                text0        000FDA
__end_of_memset              text2        001360
__end_of_strcmp              text1        001266
__end_of_wait_in_ms          text10       000D4C
__initialization             cinit        0012D4
__mediumconst                mediumconst  000000
__pbssCOMRAM                 bssCOMRAM    00002F
__pcinit                     cinit        0012D4
__pcstackBANK0               cstackBANK0  000060
__pcstackCOMRAM              cstackCOMRAM 000001
__pdataCOMRAM                dataCOMRAM   000041
__pidataCOMRAM               idataCOMRAM  0013EE
__pintcode                   intcode      000008
__pintcode_body              intcode_body 000DFA
__psmallconst                smallconst   000800
__ptext0                     text0        000F46
__ptext1                     text1        00121A
__ptext10                    text10       000C7A
__ptext11                    text11       001266
__ptext12                    text12       0010D4
__ptext13                    text13       001360
__ptext14                    text14       0013E2
__ptext15                    text15       000FDA
__ptext16                    text16       0009B4
__ptext17                    text17       000AAC
__ptext18                    text18       000806
__ptext19                    text19       00105A
__ptext2                     text2        001334
__ptext20                    text20       000D4C
__ptext21                    text21       00129E
__ptext23                    text23       000EA6
__ptext3                     text3        001304
__ptext4                     text4        001144
__ptext5                     text5        0013A6
__ptext6                     text6        0013C4
__ptext7                     text7        000B94
__ptext8                     text8        0011B0
__ptext9                     text9        001384
__ramtop                     ramtop       000800
__size_of_MSdelay            (abs)        000000
__size_of_USART_Init         (abs)        000000
__size_of_USART_SendString   (abs)        000000
__size_of_USART_TransmitChar (abs)        000000
__size_of_USART_test         (abs)        000000
__size_of___altoft           (abs)        000000
__size_of___awtoft           (abs)        000000
__size_of___ftadd            (abs)        000000
__size_of___ftdiv            (abs)        000000
__size_of___ftpack           (abs)        000000
__size_of___fttol            (abs)        000000
__size_of_configBoard        (abs)        000000
__size_of_interrupcion       (abs)        000000
__size_of_lcd_caracter       (abs)        000000
__size_of_lcd_iniciar        (abs)        000000
__size_of_lcd_limpiar        (abs)        000000
__size_of_lcd_orden          (abs)        000000
__size_of_lcd_origen         (abs)        000000
__size_of_lcd_pulso          (abs)        000000
__size_of_lcd_texto          (abs)        000000
__size_of_main               (abs)        000000
__size_of_memset             (abs)        000000
__size_of_strcmp             (abs)        000000
__size_of_wait_in_ms         (abs)        000000
__smallconst                 smallconst   000800
_cantidadBotones             bssCOMRAM    000032
_configBoard                 text12       0010D4
_dataIn                      bssCOMRAM    000035
_interrupcion                intcode      000008
_lcd_caracter                text4        001144
_lcd_iniciar                 text7        000B94
_lcd_limpiar                 text6        0013C4
_lcd_orden                   text8        0011B0
_lcd_origen                  text5        0013A6
_lcd_pulso                   text9        001384
_lcd_texto                   text3        001304
_main                        text0        000F46
_memset                      text2        001334
_nivel                       dataCOMRAM   000041
_numTopos                    bssCOMRAM    000034
_presionoBoton               bssCOMRAM    000033
_puntuacion                  bssCOMRAM    00002F
_strcmp                      text1        00121A
_wait_in_ms                  text10       000C7A
btemp                        temp         000042
end_of_initialization        cinit        0012F2
int$flags                    temp         000042
int_func                     intcode_body 000DFA
intlevel0                    text         000000
intlevel1                    text         000000
intlevel2                    text         000000
intlevel3                    text         000000
lcd_caracter@caracter        cstackBANK0  00008A
lcd_orden@orden              cstackBANK0  00008A
lcd_texto@cadena             cstackBANK0  000091
memset@c                     cstackCOMRAM 000020
memset@n                     cstackCOMRAM 000022
memset@p                     cstackCOMRAM 000024
memset@p1                    cstackCOMRAM 00001E
stackhi                      (abs)        0007FF
stacklo                      (abs)        000400
start                        init         00000E
start_initialization         cinit        0012D4
strcmp@r                     cstackCOMRAM 000023
strcmp@s1                    cstackCOMRAM 00001E
strcmp@s2                    cstackCOMRAM 000020
wait_in_ms@count             cstackBANK0  000086
wait_in_ms@count_ms          cstackBANK0  000088
wait_in_ms@flag              cstackBANK0  000084
wait_in_ms@time_in_ms        cstackBANK0  000080
wtemp6                       temp         000043


FUNCTION INFORMATION:

 *************** function _main *****************
 Defined at:
		line 32 in file "comuni.c"
 Parameters:    Size  Location     Type
		None
 Auto vars:     Size  Location     Type
		None
 Return value:  Size  Location     Type
                  1    wreg      void 
 Registers used:
		wreg, fsr2l, fsr2h, status,2, status,0, tblptrl, tblptrh, tblptru, cstack
 Tracked objects:
		On entry : 
		On exit  : 
		Unchanged: 
 Data sizes:     COMRAM   BANK0   BANK1   BANK2   BANK3   BANK4   BANK5   BANK6   BANK7
      Params:         0       0       0       0       0       0       0       0       0
      Locals:         0       0       0       0       0       0       0       0       0
      Temps:          0       0       0       0       0       0       0       0       0
      Totals:         0       0       0       0       0       0       0       0       0
Total ram usage:        0 bytes
 Hardware stack levels required when called:    8
 This function calls:
		_MSdelay
		_USART_Init
		_USART_SendString
		_configBoard
		_lcd_iniciar
		_lcd_limpiar
		_lcd_origen
		_lcd_texto
		_memset
		_strcmp
 This function is called by:
		Startup code after reset
 This function uses a non-reentrant model


 *************** function _strcmp *****************
 Defined at:
		line 33 in file "C:\Program Files (x86)\Microchip\xc8\v1.45\sources\common\strcmp.c"
 Parameters:    Size  Location     Type
  s1              2   29[COMRAM] PTR const unsigned char 
		 -> STR_1(3), 
  s2              2   31[COMRAM] PTR const unsigned char 
		 -> dataIn(12), 
 Auto vars:     Size  Location     Type
  r               1   34[COMRAM] char 
 Return value:  Size  Location     Type
                  2   29[COMRAM] int 
 Registers used:
		wreg, fsr2l, fsr2h, status,2, status,0, tblptrl, tblptrh, tblptru
 Tracked objects:
		On entry : 
		On exit  : 
		Unchanged: 
 Data sizes:     COMRAM   BANK0   BANK1   BANK2   BANK3   BANK4   BANK5   BANK6   BANK7
      Params:         4       0       0       0       0       0       0       0       0
      Locals:         1       0       0       0       0       0       0       0       0
      Temps:          1       0       0       0       0       0       0       0       0
      Totals:         6       0       0       0       0       0       0       0       0
Total ram usage:        6 bytes
 Hardware stack levels used:    1
 Hardware stack levels required when called:    2
 This function calls:
		Nothing
 This function is called by:
		_main
 This function uses a non-reentrant model


 *************** function _memset *****************
 Defined at:
		line 8 in file "C:\Program Files (x86)\Microchip\xc8\v1.45\sources\common\memset.c"
 Parameters:    Size  Location     Type
  p1              2   29[COMRAM] PTR void 
		 -> dataIn(12), 
  c               2   31[COMRAM] int 
  n               2   33[COMRAM] unsigned int 
 Auto vars:     Size  Location     Type
  p               2   35[COMRAM] PTR unsigned char 
		 -> dataIn(12), 
 Return value:  Size  Location     Type
                  2   29[COMRAM] PTR void 
 Registers used:
		wreg, fsr2l, fsr2h, status,2, status,0
 Tracked objects:
		On entry : 
		On exit  : 
		Unchanged: 
 Data sizes:     COMRAM   BANK0   BANK1   BANK2   BANK3   BANK4   BANK5   BANK6   BANK7
      Params:         6       0       0       0       0       0       0       0       0
      Locals:         2       0       0       0       0       0       0       0       0
      Temps:          0       0       0       0       0       0       0       0       0
      Totals:         8       0       0       0       0       0       0       0       0
Total ram usage:        8 bytes
 Hardware stack levels used:    1
 Hardware stack levels required when called:    2
 This function calls:
		Nothing
 This function is called by:
		_main
 This function uses a non-reentrant model


 *************** function _lcd_texto *****************
 Defined at:
		line 296 in file "lcd.c"
 Parameters:    Size  Location     Type
  cadena          2   49[BANK0 ] PTR unsigned char 
		 -> dataIn(12), 
 Auto vars:     Size  Location     Type
		None
 Return value:  Size  Location     Type
                  1    wreg      void 
 Registers used:
		wreg, fsr2l, fsr2h, status,2, status,0, cstack
 Tracked objects:
		On entry : 
		On exit  : 
		Unchanged: 
 Data sizes:     COMRAM   BANK0   BANK1   BANK2   BANK3   BANK4   BANK5   BANK6   BANK7
      Params:         0       2       0       0       0       0       0       0       0
      Locals:         0       0       0       0       0       0       0       0       0
      Temps:          1       0       0       0       0       0       0       0       0
      Totals:         1       2       0       0       0       0       0       0       0
Total ram usage:        3 bytes
 Hardware stack levels used:    1
 Hardware stack levels required when called:    7
 This function calls:
		_lcd_caracter
 This function is called by:
		_main
 This function uses a non-reentrant model


 *************** function _lcd_caracter *****************
 Defined at:
		line 286 in file "lcd.c"
 Parameters:    Size  Location     Type
  caracter        2   42[BANK0 ] unsigned int 
 Auto vars:     Size  Location     Type
		None
 Return value:  Size  Location     Type
                  1    wreg      void 
 Registers used:
		wreg, status,2, status,0, cstack
 Tracked objects:
		On entry : 
		On exit  : 
		Unchanged: 
 Data sizes:     COMRAM   BANK0   BANK1   BANK2   BANK3   BANK4   BANK5   BANK6   BANK7
      Params:         0       2       0       0       0       0       0       0       0
      Locals:         0       0       0       0       0       0       0       0       0
      Temps:          0       5       0       0       0       0       0       0       0
      Totals:         0       7       0       0       0       0       0       0       0
Total ram usage:        7 bytes
 Hardware stack levels used:    1
 Hardware stack levels required when called:    6
 This function calls:
		_lcd_pulso
 This function is called by:
		_lcd_texto
 This function uses a non-reentrant model


 *************** function _lcd_origen *****************
 Defined at:
		line 308 in file "lcd.c"
 Parameters:    Size  Location     Type
		None
 Auto vars:     Size  Location     Type
		None
 Return value:  Size  Location     Type
                  1    wreg      void 
 Registers used:
		wreg, status,2, status,0, cstack
 Tracked objects:
		On entry : 
		On exit  : 
		Unchanged: 
 Data sizes:     COMRAM   BANK0   BANK1   BANK2   BANK3   BANK4   BANK5   BANK6   BANK7
      Params:         0       0       0       0       0       0       0       0       0
      Locals:         0       0       0       0       0       0       0       0       0
      Temps:          0       0       0       0       0       0       0       0       0
      Totals:         0       0       0       0       0       0       0       0       0
Total ram usage:        0 bytes
 Hardware stack levels used:    1
 Hardware stack levels required when called:    7
 This function calls:
		_lcd_orden
		_wait_in_ms
 This function is called by:
		_main
		_lcd_ubicarXY
 This function uses a non-reentrant model


 *************** function _lcd_limpiar *****************
 Defined at:
		line 303 in file "lcd.c"
 Parameters:    Size  Location     Type
		None
 Auto vars:     Size  Location     Type
		None
 Return value:  Size  Location     Type
                  1    wreg      void 
 Registers used:
		wreg, status,2, status,0, cstack
 Tracked objects:
		On entry : 
		On exit  : 
		Unchanged: 
 Data sizes:     COMRAM   BANK0   BANK1   BANK2   BANK3   BANK4   BANK5   BANK6   BANK7
      Params:         0       0       0       0       0       0       0       0       0
      Locals:         0       0       0       0       0       0       0       0       0
      Temps:          0       0       0       0       0       0       0       0       0
      Totals:         0       0       0       0       0       0       0       0       0
Total ram usage:        0 bytes
 Hardware stack levels used:    1
 Hardware stack levels required when called:    7
 This function calls:
		_lcd_orden
		_wait_in_ms
 This function is called by:
		_main
 This function uses a non-reentrant model


 *************** function _lcd_iniciar *****************
 Defined at:
		line 224 in file "lcd.c"
 Parameters:    Size  Location     Type
		None
 Auto vars:     Size  Location     Type
		None
 Return value:  Size  Location     Type
                  1    wreg      void 
 Registers used:
		wreg, status,2, status,0, cstack
 Tracked objects:
		On entry : 
		On exit  : 
		Unchanged: 
 Data sizes:     COMRAM   BANK0   BANK1   BANK2   BANK3   BANK4   BANK5   BANK6   BANK7
      Params:         0       0       0       0       0       0       0       0       0
      Locals:         0       0       0       0       0       0       0       0       0
      Temps:          0       0       0       0       0       0       0       0       0
      Totals:         0       0       0       0       0       0       0       0       0
Total ram usage:        0 bytes
 Hardware stack levels used:    1
 Hardware stack levels required when called:    7
 This function calls:
		_lcd_orden
		_lcd_pulso
		_wait_in_ms
 This function is called by:
		_main
 This function uses a non-reentrant model


 *************** function _lcd_orden *****************
 Defined at:
		line 277 in file "lcd.c"
 Parameters:    Size  Location     Type
  orden           2   42[BANK0 ] unsigned int 
 Auto vars:     Size  Location     Type
		None
 Return value:  Size  Location     Type
                  1    wreg      void 
 Registers used:
		wreg, status,2, status,0, cstack
 Tracked objects:
		On entry : 
		On exit  : 
		Unchanged: 
 Data sizes:     COMRAM   BANK0   BANK1   BANK2   BANK3   BANK4   BANK5   BANK6   BANK7
      Params:         0       2       0       0       0       0       0       0       0
      Locals:         0       0       0       0       0       0       0       0       0
      Temps:          0       5       0       0       0       0       0       0       0
      Totals:         0       7       0       0       0       0       0       0       0
Total ram usage:        7 bytes
 Hardware stack levels used:    1
 Hardware stack levels required when called:    6
 This function calls:
		_lcd_pulso
 This function is called by:
		_lcd_iniciar
		_lcd_limpiar
		_lcd_origen
		_lcd_ubicarXY
 This function uses a non-reentrant model


 *************** function _lcd_pulso *****************
 Defined at:
		line 270 in file "lcd.c"
 Parameters:    Size  Location     Type
		None
 Auto vars:     Size  Location     Type
		None
 Return value:  Size  Location     Type
                  1    wreg      void 
 Registers used:
		wreg, status,2, status,0, cstack
 Tracked objects:
		On entry : 
		On exit  : 
		Unchanged: 
 Data sizes:     COMRAM   BANK0   BANK1   BANK2   BANK3   BANK4   BANK5   BANK6   BANK7
      Params:         0       0       0       0       0       0       0       0       0
      Locals:         0       0       0       0       0       0       0       0       0
      Temps:          0       0       0       0       0       0       0       0       0
      Totals:         0       0       0       0       0       0       0       0       0
Total ram usage:        0 bytes
 Hardware stack levels used:    1
 Hardware stack levels required when called:    5
 This function calls:
		_wait_in_ms
 This function is called by:
		_lcd_iniciar
		_lcd_orden
		_lcd_caracter
 This function uses a non-reentrant model


 *************** function _wait_in_ms *****************
 Defined at:
		line 81 in file "config.c"
 Parameters:    Size  Location     Type
  time_in_ms      2   32[BANK0 ] int 
 Auto vars:     Size  Location     Type
  count_ms        2   40[BANK0 ] unsigned int 
  count           2   38[BANK0 ] unsigned int 
  flag            2   36[BANK0 ] unsigned int 
 Return value:  Size  Location     Type
                  1    wreg      void 
 Registers used:
		wreg, status,2, status,0, cstack
 Tracked objects:
		On entry : 
		On exit  : 
		Unchanged: 
 Data sizes:     COMRAM   BANK0   BANK1   BANK2   BANK3   BANK4   BANK5   BANK6   BANK7
      Params:         0       2       0       0       0       0       0       0       0
      Locals:         0       6       0       0       0       0       0       0       0
      Temps:          0       2       0       0       0       0       0       0       0
      Totals:         0      10       0       0       0       0       0       0       0
Total ram usage:       10 bytes
 Hardware stack levels used:    1
 Hardware stack levels required when called:    4
 This function calls:
		___awtoft
		___ftdiv
		___fttol
 This function is called by:
		_lcd_iniciar
		_lcd_pulso
		_lcd_limpiar
		_lcd_origen
		_ADC_Read
		_Lcd_Cmd
 This function uses a non-reentrant model


 *************** function ___awtoft *****************
 Defined at:
		line 32 in file "C:\Program Files (x86)\Microchip\xc8\v1.45\sources\common\awtoft.c"
 Parameters:    Size  Location     Type
  c               2   37[COMRAM] int 
 Auto vars:     Size  Location     Type
  sign            1   40[COMRAM] unsigned char 
 Return value:  Size  Location     Type
                  3   37[COMRAM] float 
 Registers used:
		wreg, status,2, status,0, cstack
 Tracked objects:
		On entry : 
		On exit  : 
		Unchanged: 
 Data sizes:     COMRAM   BANK0   BANK1   BANK2   BANK3   BANK4   BANK5   BANK6   BANK7
      Params:         3       0       0       0       0       0       0       0       0
      Locals:         1       0       0       0       0       0       0       0       0
      Temps:          0       0       0       0       0       0       0       0       0
      Totals:         4       0       0       0       0       0       0       0       0
Total ram usage:        4 bytes
 Hardware stack levels used:    1
 Hardware stack levels required when called:    3
 This function calls:
		___ftpack
 This function is called by:
		_wait_in_ms
 This function uses a non-reentrant model


 *************** function _configBoard *****************
 Defined at:
		line 11 in file "config.c"
 Parameters:    Size  Location     Type
		None
 Auto vars:     Size  Location     Type
		None
 Return value:  Size  Location     Type
                  1    wreg      void 
 Registers used:
		wreg, status,2
 Tracked objects:
		On entry : 
		On exit  : 
		Unchanged: 
 Data sizes:     COMRAM   BANK0   BANK1   BANK2   BANK3   BANK4   BANK5   BANK6   BANK7
      Params:         0       0       0       0       0       0       0       0       0
      Locals:         0       0       0       0       0       0       0       0       0
      Temps:          0       0       0       0       0       0       0       0       0
      Totals:         0       0       0       0       0       0       0       0       0
Total ram usage:        0 bytes
 Hardware stack levels used:    1
 Hardware stack levels required when called:    2
 This function calls:
		Nothing
 This function is called by:
		_main
 This function uses a non-reentrant model


 *************** function _USART_SendString *****************
 Defined at:
		line 40 in file "USART_Source_File.c"
 Parameters:    Size  Location     Type
  out             2   30[COMRAM] PTR const unsigned char 
		 -> dataIn(12), 
 Auto vars:     Size  Location     Type
		None
 Return value:  Size  Location     Type
                  1    wreg      void 
 Registers used:
		wreg, fsr2l, fsr2h, status,2, status,0, cstack
 Tracked objects:
		On entry : 
		On exit  : 
		Unchanged: 
 Data sizes:     COMRAM   BANK0   BANK1   BANK2   BANK3   BANK4   BANK5   BANK6   BANK7
      Params:         2       0       0       0       0       0       0       0       0
      Locals:         0       0       0       0       0       0       0       0       0
      Temps:          0       0       0       0       0       0       0       0       0
      Totals:         2       0       0       0       0       0       0       0       0
Total ram usage:        2 bytes
 Hardware stack levels used:    1
 Hardware stack levels required when called:    3
 This function calls:
		_USART_TransmitChar
 This function is called by:
		_main
 This function uses a non-reentrant model


 *************** function _USART_TransmitChar *****************
 Defined at:
		line 22 in file "USART_Source_File.c"
 Parameters:    Size  Location     Type
  out             1    wreg     unsigned char 
 Auto vars:     Size  Location     Type
  out             1   29[COMRAM] unsigned char 
 Return value:  Size  Location     Type
                  1    wreg      void 
 Registers used:
		wreg
 Tracked objects:
		On entry : 
		On exit  : 
		Unchanged: 
 Data sizes:     COMRAM   BANK0   BANK1   BANK2   BANK3   BANK4   BANK5   BANK6   BANK7
      Params:         0       0       0       0       0       0       0       0       0
      Locals:         1       0       0       0       0       0       0       0       0
      Temps:          0       0       0       0       0       0       0       0       0
      Totals:         1       0       0       0       0       0       0       0       0
Total ram usage:        1 bytes
 Hardware stack levels used:    1
 Hardware stack levels required when called:    2
 This function calls:
		Nothing
 This function is called by:
		_USART_SendString
 This function uses a non-reentrant model


 *************** function _USART_Init *****************
 Defined at:
		line 10 in file "USART_Source_File.c"
 Parameters:    Size  Location     Type
  baud_rate       4   32[BANK0 ] long 
 Auto vars:     Size  Location     Type
  temp            3   36[BANK0 ] float 
 Return value:  Size  Location     Type
                  1    wreg      void 
 Registers used:
		wreg, status,2, status,0, cstack
 Tracked objects:
		On entry : 
		On exit  : 
		Unchanged: 
 Data sizes:     COMRAM   BANK0   BANK1   BANK2   BANK3   BANK4   BANK5   BANK6   BANK7
      Params:         0       4       0       0       0       0       0       0       0
      Locals:         0       3       0       0       0       0       0       0       0
      Temps:          0       0       0       0       0       0       0       0       0
      Totals:         0       7       0       0       0       0       0       0       0
Total ram usage:        7 bytes
 Hardware stack levels used:    1
 Hardware stack levels required when called:    4
 This function calls:
		___altoft
		___ftadd
		___ftdiv
		___fttol
 This function is called by:
		_main
 This function uses a non-reentrant model


 *************** function ___fttol *****************
 Defined at:
		line 44 in file "C:\Program Files (x86)\Microchip\xc8\v1.45\sources\common\fttol.c"
 Parameters:    Size  Location     Type
  f1              3   17[BANK0 ] float 
 Auto vars:     Size  Location     Type
  lval            4   27[BANK0 ] unsigned long 
  exp1            1   31[BANK0 ] unsigned char 
  sign1           1   26[BANK0 ] unsigned char 
 Return value:  Size  Location     Type
                  4   17[BANK0 ] long 
 Registers used:
		wreg, status,2, status,0
 Tracked objects:
		On entry : 
		On exit  : 
		Unchanged: 
 Data sizes:     COMRAM   BANK0   BANK1   BANK2   BANK3   BANK4   BANK5   BANK6   BANK7
      Params:         0       4       0       0       0       0       0       0       0
      Locals:         0       6       0       0       0       0       0       0       0
      Temps:          0       5       0       0       0       0       0       0       0
      Totals:         0      15       0       0       0       0       0       0       0
Total ram usage:       15 bytes
 Hardware stack levels used:    1
 Hardware stack levels required when called:    2
 This function calls:
		Nothing
 This function is called by:
		_wait_in_ms
		_USART_Init
 This function uses a non-reentrant model


 *************** function ___ftdiv *****************
 Defined at:
		line 54 in file "C:\Program Files (x86)\Microchip\xc8\v1.45\sources\common\ftdiv.c"
 Parameters:    Size  Location     Type
  f1              3    2[BANK0 ] float 
  f2              3    5[BANK0 ] float 
 Auto vars:     Size  Location     Type
  f3              3   12[BANK0 ] float 
  sign            1   16[BANK0 ] unsigned char 
  exp             1   15[BANK0 ] unsigned char 
  cntr            1   11[BANK0 ] unsigned char 
 Return value:  Size  Location     Type
                  3    2[BANK0 ] float 
 Registers used:
		wreg, status,2, status,0, cstack
 Tracked objects:
		On entry : 
		On exit  : 
		Unchanged: 
 Data sizes:     COMRAM   BANK0   BANK1   BANK2   BANK3   BANK4   BANK5   BANK6   BANK7
      Params:         0       6       0       0       0       0       0       0       0
      Locals:         0       6       0       0       0       0       0       0       0
      Temps:          0       3       0       0       0       0       0       0       0
      Totals:         0      15       0       0       0       0       0       0       0
Total ram usage:       15 bytes
 Hardware stack levels used:    1
 Hardware stack levels required when called:    3
 This function calls:
		___ftpack
 This function is called by:
		_wait_in_ms
		_USART_Init
 This function uses a non-reentrant model


 *************** function ___ftadd *****************
 Defined at:
		line 86 in file "C:\Program Files (x86)\Microchip\xc8\v1.45\sources\common\ftadd.c"
 Parameters:    Size  Location     Type
  f1              3   17[BANK0 ] float 
  f2              3   20[BANK0 ] float 
 Auto vars:     Size  Location     Type
  exp1            1   28[BANK0 ] unsigned char 
  exp2            1   27[BANK0 ] unsigned char 
  sign            1   26[BANK0 ] unsigned char 
 Return value:  Size  Location     Type
                  3   17[BANK0 ] float 
 Registers used:
		wreg, status,2, status,0, cstack
 Tracked objects:
		On entry : 
		On exit  : 
		Unchanged: 
 Data sizes:     COMRAM   BANK0   BANK1   BANK2   BANK3   BANK4   BANK5   BANK6   BANK7
      Params:         0       6       0       0       0       0       0       0       0
      Locals:         0       3       0       0       0       0       0       0       0
      Temps:          0       3       0       0       0       0       0       0       0
      Totals:         0      12       0       0       0       0       0       0       0
Total ram usage:       12 bytes
 Hardware stack levels used:    1
 Hardware stack levels required when called:    3
 This function calls:
		___ftpack
 This function is called by:
		_USART_Init
 This function uses a non-reentrant model


 *************** function ___altoft *****************
 Defined at:
		line 42 in file "C:\Program Files (x86)\Microchip\xc8\v1.45\sources\common\altoft.c"
 Parameters:    Size  Location     Type
  c               4   37[COMRAM] long 
 Auto vars:     Size  Location     Type
  sign            1    1[BANK0 ] unsigned char 
  exp             1    0[BANK0 ] unsigned char 
 Return value:  Size  Location     Type
                  3   37[COMRAM] float 
 Registers used:
		wreg, status,2, status,0, cstack
 Tracked objects:
		On entry : 
		On exit  : 
		Unchanged: 
 Data sizes:     COMRAM   BANK0   BANK1   BANK2   BANK3   BANK4   BANK5   BANK6   BANK7
      Params:         4       0       0       0       0       0       0       0       0
      Locals:         0       2       0       0       0       0       0       0       0
      Temps:          4       0       0       0       0       0       0       0       0
      Totals:         8       2       0       0       0       0       0       0       0
Total ram usage:       10 bytes
 Hardware stack levels used:    1
 Hardware stack levels required when called:    3
 This function calls:
		___ftpack
 This function is called by:
		_USART_Init
 This function uses a non-reentrant model


 *************** function ___ftpack *****************
 Defined at:
		line 62 in file "C:\Program Files (x86)\Microchip\xc8\v1.45\sources\common\float.c"
 Parameters:    Size  Location     Type
  arg             3   29[COMRAM] unsigned um
  exp             1   32[COMRAM] unsigned char 
  sign            1   33[COMRAM] unsigned char 
 Auto vars:     Size  Location     Type
		None
 Return value:  Size  Location     Type
                  3   29[COMRAM] float 
 Registers used:
		wreg, status,2, status,0
 Tracked objects:
		On entry : 
		On exit  : 
		Unchanged: 
 Data sizes:     COMRAM   BANK0   BANK1   BANK2   BANK3   BANK4   BANK5   BANK6   BANK7
      Params:         5       0       0       0       0       0       0       0       0
      Locals:         0       0       0       0       0       0       0       0       0
      Temps:          3       0       0       0       0       0       0       0       0
      Totals:         8       0       0       0       0       0       0       0       0
Total ram usage:        8 bytes
 Hardware stack levels used:    1
 Hardware stack levels required when called:    2
 This function calls:
		Nothing
 This function is called by:
		___altoft
		___awtoft
		___ftadd
		___ftdiv
 This function uses a non-reentrant model


 *************** function _MSdelay *****************
 Defined at:
		line 50 in file "USART_Source_File.c"
 Parameters:    Size  Location     Type
  val             2   29[COMRAM] unsigned int 
 Auto vars:     Size  Location     Type
  j               2   33[COMRAM] unsigned int 
  i               2   31[COMRAM] unsigned int 
 Return value:  Size  Location     Type
                  1    wreg      void 
 Registers used:
		wreg, status,2, status,0
 Tracked objects:
		On entry : 
		On exit  : 
		Unchanged: 
 Data sizes:     COMRAM   BANK0   BANK1   BANK2   BANK3   BANK4   BANK5   BANK6   BANK7
      Params:         2       0       0       0       0       0       0       0       0
      Locals:         4       0       0       0       0       0       0       0       0
      Temps:          0       0       0       0       0       0       0       0       0
      Totals:         6       0       0       0       0       0       0       0       0
Total ram usage:        6 bytes
 Hardware stack levels used:    1
 Hardware stack levels required when called:    2
 This function calls:
		Nothing
 This function is called by:
		_main
 This function uses a non-reentrant model


 *************** function _interrupcion *****************
 Defined at:
		line 59 in file "comuni.c"
 Parameters:    Size  Location     Type
		None
 Auto vars:     Size  Location     Type
		None
 Return value:  Size  Location     Type
                  1    wreg      void 
 Registers used:
		wreg, fsr2l, fsr2h, status,2, status,0, cstack
 Tracked objects:
		On entry : 
		On exit  : 
		Unchanged: 
 Data sizes:     COMRAM   BANK0   BANK1   BANK2   BANK3   BANK4   BANK5   BANK6   BANK7
      Params:         0       0       0       0       0       0       0       0       0
      Locals:         0       0       0       0       0       0       0       0       0
      Temps:         18       0       0       0       0       0       0       0       0
      Totals:        18       0       0       0       0       0       0       0       0
Total ram usage:       18 bytes
 Hardware stack levels used:    1
 Hardware stack levels required when called:    1
 This function calls:
		_USART_test
 This function is called by:
		Interrupt level 2
 This function uses a non-reentrant model


 *************** function _USART_test *****************
 Defined at:
		line 71 in file "comuni.c"
 Parameters:    Size  Location     Type
  Input           2    0[COMRAM] PTR unsigned char 
		 -> dataIn(12), 
  length          1    2[COMRAM] unsigned char 
 Auto vars:     Size  Location     Type
  temp            1   10[COMRAM] unsigned char 
  i               2    8[COMRAM] int 
 Return value:  Size  Location     Type
                  1    wreg      void 
 Registers used:
		wreg, fsr2l, fsr2h, status,2, status,0
 Tracked objects:
		On entry : 
		On exit  : 
		Unchanged: 
 Data sizes:     COMRAM   BANK0   BANK1   BANK2   BANK3   BANK4   BANK5   BANK6   BANK7
      Params:         3       0       0       0       0       0       0       0       0
      Locals:         3       0       0       0       0       0       0       0       0
      Temps:          5       0       0       0       0       0       0       0       0
      Totals:        11       0       0       0       0       0       0       0       0
Total ram usage:       11 bytes
 Hardware stack levels used:    1
 This function calls:
		Nothing
 This function is called by:
		_interrupcion
 This function uses a non-reentrant model



MODULE INFORMATION

Module		Function		Class		Link	Load	Size
C:\Program Files (x86)\Microchip\xc8\v1.45\sources\common\float.c
		___ftpack      		CODE           	0D4C	0000	175

C:\Program Files (x86)\Microchip\xc8\v1.45\sources\common\float.c estimated size: 175

comuni.c
		_main          		CODE           	0F46	0000	149
		_USART_test    		CODE           	0EA6	0000	161
		_interrupcion  		CODE           	0008	0000	179

comuni.c estimated size: 489

USART_Source_File.c
		_USART_TransmitChar		CODE           	13E2	0000	13
		_MSdelay       		CODE           	129E	0000	55
		_USART_SendString		CODE           	1360	0000	37
		_USART_Init    		CODE           	0FDA	0000	129

USART_Source_File.c estimated size: 234

C:\Program Files (x86)\Microchip\xc8\v1.45\sources\common\ftdiv.c
		___ftdiv       		CODE           	0AAC	0000	233

C:\Program Files (x86)\Microchip\xc8\v1.45\sources\common\ftdiv.c estimated size: 233

config.c
		_wait_in_ms    		CODE           	0C7A	0000	211
		_configBoard   		CODE           	10D4	0000	113

config.c estimated size: 324

shared
		__initialization		CODE           	12D4	0000	31

shared estimated size: 31

C:\Program Files (x86)\Microchip\xc8\v1.45\sources\common\fttol.c
		___fttol       		CODE           	09B4	0000	249

C:\Program Files (x86)\Microchip\xc8\v1.45\sources\common\fttol.c estimated size: 249

C:\Program Files (x86)\Microchip\xc8\v1.45\sources\common\awtoft.c
		___awtoft      		CODE           	1266	0000	57

C:\Program Files (x86)\Microchip\xc8\v1.45\sources\common\awtoft.c estimated size: 57

lcd.c
		_lcd_texto     		CODE           	1304	0000	49
		_lcd_origen    		CODE           	13A6	0000	31
		_lcd_limpiar   		CODE           	13C4	0000	31
		_lcd_pulso     		CODE           	1384	0000	35
		_lcd_caracter  		CODE           	1144	0000	109
		_lcd_orden     		CODE           	11B0	0000	107
		_lcd_iniciar   		CODE           	0B94	0000	231

lcd.c estimated size: 593

C:\Program Files (x86)\Microchip\xc8\v1.45\sources\common\ftadd.c
		___ftadd       		CODE           	0806	0000	431

C:\Program Files (x86)\Microchip\xc8\v1.45\sources\common\ftadd.c estimated size: 431

C:\Program Files (x86)\Microchip\xc8\v1.45\sources\common\strcmp.c
		_strcmp        		CODE           	121A	0000	77

C:\Program Files (x86)\Microchip\xc8\v1.45\sources\common\strcmp.c estimated size: 77

C:\Program Files (x86)\Microchip\xc8\v1.45\sources\common\altoft.c
		___altoft      		CODE           	105A	0000	123

C:\Program Files (x86)\Microchip\xc8\v1.45\sources\common\altoft.c estimated size: 123

C:\Program Files (x86)\Microchip\xc8\v1.45\sources\common\memset.c
		_memset        		CODE           	1334	0000	45

C:\Program Files (x86)\Microchip\xc8\v1.45\sources\common\memset.c estimated size: 45

